#options: 1280x752 fps=30/1 timebase=1/30 bitdepth=8 cabac=1 ref=1 deblock=1:0:0 analyse=0x1:0 me=dia subme=2 psy=1 psy_rd=1.00:0.00 mixed_ref=0 me_range=16 chroma_me=1 trellis=0 8x8dct=0 cqm=0 deadzone=21,11 fast_pskip=1 chroma_qp_offset=0 threads=15 lookahead_threads=5 sliced_threads=0 nr=0 decimate=1 interlaced=0 bluray_compat=0 constrained_intra=0 bframes=3 b_pyramid=2 b_adapt=1 b_bias=0 direct=3 weightb=1 open_gop=0 weightp=2 keyint=250 keyint_min=25 scenecut=40 intra_refresh=0 rc_lookahead=50 rc=abr mbtree=1 bitrate=2352 ratetol=1.0 qcomp=0.60 qpmin=0 qpmax=69 qpstep=4 ip_ratio=1.40 aq=1:1.00
in:0 out:0 type:I dur:2 cpbdur:2 q:28.76 aq:22.68 tex:467750 mv:13852 misc:166 imb:3760 pmb:0 smb:0 d:- ref:;
in:1 out:1 type:P dur:2 cpbdur:2 q:29.03 aq:23.06 tex:658261 mv:10738 misc:553 imb:1448 pmb:1466 smb:846 d:- ref:0 w:5,41,-5,6,89,-50,64,0 ;
in:2 out:2 type:P dur:2 cpbdur:2 q:29.49 aq:22.06 tex:503269 mv:9004 misc:535 imb:1200 pmb:1728 smb:832 d:- ref:0 w:5,37,-3,5,39,-28,32,0 ;
in:3 out:3 type:P dur:2 cpbdur:2 q:29.71 aq:21.38 tex:474698 mv:6758 misc:512 imb:607 pmb:2193 smb:960 d:- ref:0 w:4,17,-1,5,35,-12,32,0 ;
in:4 out:4 type:P dur:2 cpbdur:2 q:29.84 aq:19.97 tex:253101 mv:4040 misc:1187 imb:177 pmb:2469 smb:1114 d:- ref:0 w:5,33,-1 ;
in:6 out:5 type:P dur:2 cpbdur:2 q:29.87 aq:20.07 tex:265805 mv:4238 misc:781 imb:212 pmb:2547 smb:1001 d:- ref:0 w:6,65,0 ;
in:5 out:6 type:b dur:2 cpbdur:2 q:29.85 aq:15.00 tex:0 mv:0 misc:240 imb:0 pmb:0 smb:3760 d:- ref:0 ;
in:10 out:7 type:P dur:2 cpbdur:2 q:29.85 aq:19.36 tex:49245 mv:1030 misc:2381 imb:0 pmb:921 smb:2839 d:- ref:0 ;
in:8 out:8 type:B dur:2 cpbdur:2 q:29.86 aq:14.00 tex:0 mv:0 misc:256 imb:0 pmb:0 smb:3760 d:- ref:0 ;
in:7 out:9 type:b dur:2 cpbdur:2 q:29.86 aq:15.00 tex:0 mv:0 misc:240 imb:0 pmb:0 smb:3760 d:- ref:0 ;
in:9 out:10 type:b dur:2 cpbdur:2 q:29.85 aq:15.00 tex:0 mv:0 misc:240 imb:0 pmb:0 smb:3760 d:- ref:0 ;
in:14 out:11 type:P dur:2 cpbdur:2 q:29.45 aq:19.22 tex:64170 mv:422 misc:2448 imb:7 pmb:954 smb:2799 d:- ref:0 ;
in:12 out:12 type:B dur:2 cpbdur:2 q:29.65 aq:13.00 tex:0 mv:0 misc:256 imb:0 pmb:0 smb:3760 d:- ref:0 ;
in:11 out:13 type:b dur:2 cpbdur:2 q:29.75 aq:15.00 tex:0 mv:0 misc:240 imb:0 pmb:0 smb:3760 d:- ref:0 ;
in:13 out:14 type:b dur:2 cpbdur:2 q:29.55 aq:15.00 tex:0 mv:0 misc:240 imb:0 pmb:0 smb:3760 d:- ref:0 ;
in:18 out:15 type:P dur:2 cpbdur:2 q:33.45 aq:17.06 tex:56 mv:21 misc:299 imb:0 pmb:5 smb:3755 d:- ref:0 ;
in:16 out:16 type:B dur:2 cpbdur:2 q:31.45 aq:15.00 tex:0 mv:0 misc:256 imb:0 pmb:0 smb:3760 d:- ref:0 ;
in:15 out:17 type:b dur:2 cpbdur:2 q:30.45 aq:15.00 tex:0 mv:0 misc:240 imb:0 pmb:0 smb:3760 d:- ref:0 ;
in:17 out:18 type:b dur:2 cpbdur:2 q:32.45 aq:17.00 tex:0 mv:0 misc:232 imb:0 pmb:0 smb:3760 d:- ref:0 ;
in:22 out:19 type:P dur:2 cpbdur:2 q:41.45 aq:22.00 tex:0 mv:0 misc:256 imb:0 pmb:0 smb:3760 d:- ref:0 ;
in:20 out:20 type:B dur:2 cpbdur:2 q:37.45 aq:21.00 tex:0 mv:0 misc:240 imb:0 pmb:0 smb:3760 d:- ref:0 ;
in:19 out:21 type:b dur:2 cpbdur:2 q:35.45 aq:20.00 tex:0 mv:0 misc:224 imb:0 pmb:0 smb:3760 d:- ref:0 ;
in:21 out:22 type:b dur:2 cpbdur:2 q:39.45 aq:24.00 tex:0 mv:0 misc:224 imb:0 pmb:0 smb:3760 d:- ref:0 ;
in:25 out:23 type:P dur:2 cpbdur:2 q:42.15 aq:23.00 tex:0 mv:0 misc:248 imb:0 pmb:0 smb:3760 d:- ref:0 ;
in:23 out:24 type:B dur:2 cpbdur:2 q:41.68 aq:26.00 tex:0 mv:0 misc:240 imb:0 pmb:0 smb:3760 d:- ref:0 ;
in:24 out:25 type:b dur:2 cpbdur:2 q:41.92 aq:27.00 tex:0 mv:0 misc:224 imb:0 pmb:0 smb:3760 d:- ref:0 ;
in:29 out:26 type:P dur:2 cpbdur:2 q:39.85 aq:20.00 tex:0 mv:0 misc:256 imb:0 pmb:0 smb:3760 d:- ref:0 ;
in:27 out:27 type:B dur:2 cpbdur:2 q:41.00 aq:25.00 tex:0 mv:0 misc:240 imb:0 pmb:0 smb:3760 d:- ref:0 ;
in:26 out:28 type:b dur:2 cpbdur:2 q:41.58 aq:27.00 tex:0 mv:0 misc:224 imb:0 pmb:0 smb:3760 d:- ref:0 ;
in:28 out:29 type:b dur:2 cpbdur:2 q:40.43 aq:25.00 tex:0 mv:0 misc:224 imb:0 pmb:0 smb:3760 d:- ref:0 ;
in:33 out:30 type:P dur:2 cpbdur:2 q:37.11 aq:20.96 tex:68 mv:27 misc:329 imb:0 pmb:8 smb:3752 d:- ref:0 ;
in:31 out:31 type:B dur:2 cpbdur:2 q:38.48 aq:22.00 tex:0 mv:0 misc:240 imb:0 pmb:0 smb:3760 d:- ref:0 ;
in:30 out:32 type:b dur:2 cpbdur:2 q:39.17 aq:24.00 tex:0 mv:0 misc:224 imb:0 pmb:0 smb:3760 d:- ref:0 ;
in:32 out:33 type:b dur:2 cpbdur:2 q:37.79 aq:23.00 tex:0 mv:0 misc:224 imb:0 pmb:0 smb:3760 d:- ref:0 ;
in:37 out:34 type:P dur:2 cpbdur:2 q:34.70 aq:18.71 tex:143 mv:54 misc:411 imb:0 pmb:21 smb:3739 d:- ref:0 ;
in:35 out:35 type:B dur:2 cpbdur:2 q:35.90 aq:20.00 tex:0 mv:0 misc:240 imb:0 pmb:0 smb:3760 d:- ref:0 ;
in:34 out:36 type:b dur:2 cpbdur:2 q:36.51 aq:22.00 tex:0 mv:0 misc:224 imb:0 pmb:0 smb:3760 d:- ref:0 ;
in:36 out:37 type:b dur:2 cpbdur:2 q:35.30 aq:20.00 tex:0 mv:0 misc:224 imb:0 pmb:0 smb:3760 d:- ref:0 ;
in:41 out:38 type:P dur:2 cpbdur:2 q:32.58 aq:17.94 tex:678 mv:109 misc:677 imb:0 pmb:79 smb:3681 d:- ref:0 ;
in:39 out:39 type:B dur:2 cpbdur:2 q:33.64 aq:17.00 tex:0 mv:0 misc:248 imb:0 pmb:0 smb:3760 d:- ref:0 ;
in:38 out:40 type:b dur:2 cpbdur:2 q:34.17 aq:19.00 tex:0 mv:0 misc:224 imb:0 pmb:0 smb:3760 d:- ref:0 ;
in:40 out:41 type:b dur:2 cpbdur:2 q:33.11 aq:18.00 tex:0 mv:0 misc:232 imb:0 pmb:0 smb:3760 d:- ref:0 ;
in:45 out:42 type:P dur:2 cpbdur:2 q:30.77 aq:18.42 tex:15734 mv:417 misc:1601 imb:0 pmb:408 smb:3352 d:- ref:0 ;
in:43 out:43 type:B dur:2 cpbdur:2 q:31.68 aq:15.00 tex:0 mv:0 misc:256 imb:0 pmb:0 smb:3760 d:- ref:0 ;
in:42 out:44 type:b dur:2 cpbdur:2 q:32.13 aq:17.00 tex:0 mv:0 misc:232 imb:0 pmb:0 smb:3760 d:- ref:0 ;
in:44 out:45 type:b dur:2 cpbdur:2 q:31.22 aq:16.00 tex:0 mv:0 misc:232 imb:0 pmb:0 smb:3760 d:- ref:0 ;
in:49 out:46 type:P dur:2 cpbdur:2 q:29.16 aq:19.46 tex:43783 mv:327 misc:2370 imb:2 pmb:777 smb:2981 d:- ref:0 ;
in:47 out:47 type:B dur:2 cpbdur:2 q:29.96 aq:14.00 tex:0 mv:0 misc:256 imb:0 pmb:0 smb:3760 d:- ref:0 ;
in:46 out:48 type:b dur:2 cpbdur:2 q:30.37 aq:15.00 tex:0 mv:0 misc:240 imb:0 pmb:0 smb:3760 d:- ref:0 ;
in:48 out:49 type:b dur:2 cpbdur:2 q:29.56 aq:15.00 tex:0 mv:0 misc:240 imb:0 pmb:0 smb:3760 d:- ref:0 ;
in:53 out:50 type:P dur:2 cpbdur:2 q:27.70 aq:18.29 tex:128372 mv:802 misc:2522 imb:65 pmb:1504 smb:2191 d:- ref:0 ;
in:51 out:51 type:B dur:2 cpbdur:2 q:28.43 aq:12.00 tex:0 mv:0 misc:256 imb:0 pmb:0 smb:3760 d:- ref:0 ;
in:50 out:52 type:b dur:2 cpbdur:2 q:28.79 aq:14.00 tex:0 mv:0 misc:240 imb:0 pmb:0 smb:3760 d:- ref:0 ;
in:52 out:53 type:b dur:2 cpbdur:2 q:28.06 aq:13.00 tex:0 mv:0 misc:240 imb:0 pmb:0 smb:3760 d:- ref:0 ;
in:57 out:54 type:P dur:2 cpbdur:2 q:26.36 aq:17.58 tex:114959 mv:516 misc:2661 imb:14 pmb:1621 smb:2125 d:- ref:0 ;
in:55 out:55 type:B dur:2 cpbdur:2 q:27.03 aq:11.00 tex:0 mv:0 misc:256 imb:0 pmb:0 smb:3760 d:- ref:0 ;
in:54 out:56 type:b dur:2 cpbdur:2 q:27.37 aq:12.00 tex:0 mv:0 misc:240 imb:0 pmb:0 smb:3760 d:- ref:0 ;
in:56 out:57 type:b dur:2 cpbdur:2 q:26.70 aq:12.00 tex:0 mv:0 misc:240 imb:0 pmb:0 smb:3760 d:- ref:0 ;
in:61 out:58 type:P dur:2 cpbdur:2 q:25.15 aq:16.69 tex:112017 mv:694 misc:2425 imb:71 pmb:1207 smb:2482 d:- ref:0 ;
in:59 out:59 type:B dur:2 cpbdur:2 q:25.76 aq:9.00 tex:0 mv:0 misc:256 imb:0 pmb:0 smb:3760 d:- ref:0 ;
in:58 out:60 type:b dur:2 cpbdur:2 q:26.06 aq:11.00 tex:0 mv:0 misc:240 imb:0 pmb:0 smb:3760 d:- ref:0 ;
in:60 out:61 type:b dur:2 cpbdur:2 q:25.45 aq:10.00 tex:0 mv:0 misc:240 imb:0 pmb:0 smb:3760 d:- ref:0 ;
in:65 out:62 type:P dur:2 cpbdur:2 q:24.21 aq:10.94 tex:52074 mv:912 misc:1718 imb:153 pmb:561 smb:3046 d:- ref:0 ;
in:63 out:63 type:B dur:2 cpbdur:2 q:24.68 aq:8.00 tex:0 mv:0 misc:256 imb:0 pmb:0 smb:3760 d:- ref:0 ;
in:62 out:64 type:b dur:2 cpbdur:2 q:24.91 aq:10.00 tex:0 mv:0 misc:240 imb:0 pmb:0 smb:3760 d:- ref:0 ;
in:64 out:65 type:b dur:2 cpbdur:2 q:24.44 aq:9.00 tex:0 mv:0 misc:240 imb:0 pmb:0 smb:3760 d:- ref:0 ;
in:69 out:66 type:P dur:2 cpbdur:2 q:23.72 aq:11.60 tex:21673 mv:175 misc:1048 imb:1 pmb:289 smb:3470 d:- ref:0 ;
in:67 out:67 type:B dur:2 cpbdur:2 q:23.96 aq:10.96 tex:27 mv:2 misc:267 imb:0 pmb:1 smb:3759 d:- ref:0 ;
in:66 out:68 type:b dur:2 cpbdur:2 q:24.09 aq:9.00 tex:0 mv:0 misc:240 imb:0 pmb:0 smb:3760 d:- ref:0 ;
in:68 out:69 type:b dur:2 cpbdur:2 q:23.84 aq:9.00 tex:0 mv:0 misc:240 imb:0 pmb:0 smb:3760 d:- ref:0 ;
in:73 out:70 type:P dur:2 cpbdur:2 q:23.56 aq:18.50 tex:524319 mv:7515 misc:1006 imb:1114 pmb:1196 smb:1450 d:- ref:0 ;
in:71 out:71 type:B dur:2 cpbdur:2 q:23.64 aq:15.22 tex:724 mv:552 misc:940 imb:0 pmb:2144 smb:1616 d:s ref:0 ;
in:70 out:72 type:b dur:2 cpbdur:2 q:23.68 aq:9.00 tex:13 mv:26 misc:281 imb:0 pmb:5 smb:3755 d:s ref:0 ;
in:72 out:73 type:b dur:2 cpbdur:2 q:23.60 aq:11.75 tex:92 mv:134 misc:718 imb:0 pmb:184 smb:3576 d:- ref:0 ;
in:77 out:74 type:P dur:2 cpbdur:2 q:23.95 aq:12.82 tex:997613 mv:10045 misc:1078 imb:2194 pmb:186 smb:1380 d:- ref:0 ;
in:75 out:75 type:B dur:2 cpbdur:2 q:23.76 aq:20.11 tex:1118 mv:346 misc:1232 imb:0 pmb:226 smb:3534 d:s ref:0 ;
in:74 out:76 type:b dur:2 cpbdur:2 q:23.66 aq:22.34 tex:5489 mv:955 misc:868 imb:0 pmb:2060 smb:1700 d:s ref:0 ;
in:76 out:77 type:b dur:2 cpbdur:2 q:23.86 aq:19.53 tex:35231 mv:79 misc:1162 imb:0 pmb:1718 smb:2042 d:- ref:0 ;
in:79 out:78 type:P dur:2 cpbdur:2 q:24.06 aq:10.72 tex:697567 mv:2496 misc:505 imb:243 pmb:2651 smb:866 d:- ref:0 w:6,65,0 ;
in:78 out:79 type:b dur:2 cpbdur:2 q:24.01 aq:17.51 tex:69 mv:18 misc:273 imb:0 pmb:4 smb:3756 d:s ref:0 ;
in:83 out:80 type:P dur:2 cpbdur:2 q:24.16 aq:10.90 tex:45179 mv:486 misc:3087 imb:13 pmb:1387 smb:2360 d:- ref:0 ;
in:81 out:81 type:B dur:2 cpbdur:2 q:24.11 aq:16.68 tex:737 mv:220 misc:1059 imb:0 pmb:193 smb:3567 d:- ref:0 ;
in:80 out:82 type:b dur:2 cpbdur:2 q:24.09 aq:15.24 tex:54 mv:84 misc:414 imb:0 pmb:28 smb:3732 d:s ref:0 ;
in:82 out:83 type:b dur:2 cpbdur:2 q:24.14 aq:15.24 tex:27 mv:3 misc:250 imb:0 pmb:1 smb:3759 d:- ref:0 ;
in:87 out:84 type:P dur:2 cpbdur:2 q:23.13 aq:10.26 tex:264941 mv:444 misc:1711 imb:1 pmb:2215 smb:1544 d:- ref:0 ;
in:85 out:85 type:B dur:2 cpbdur:2 q:23.64 aq:16.43 tex:746 mv:310 misc:1040 imb:0 pmb:193 smb:3567 d:s ref:0 ;
in:84 out:86 type:b dur:2 cpbdur:2 q:23.90 aq:15.24 tex:27 mv:3 misc:250 imb:0 pmb:1 smb:3759 d:s ref:0 ;
in:86 out:87 type:b dur:2 cpbdur:2 q:23.39 aq:17.43 tex:365 mv:67 misc:648 imb:0 pmb:79 smb:3681 d:- ref:0 ;
in:91 out:88 type:P dur:2 cpbdur:2 q:22.91 aq:9.01 tex:196396 mv:358 misc:2062 imb:1 pmb:1975 smb:1784 d:s ref:0 ;
in:89 out:89 type:B dur:2 cpbdur:2 q:23.02 aq:15.62 tex:1041 mv:349 misc:1298 imb:0 pmb:264 smb:3496 d:s ref:0 ;
in:88 out:90 type:b dur:2 cpbdur:2 q:23.07 aq:17.43 tex:278 mv:162 misc:656 imb:0 pmb:79 smb:3681 d:s ref:0 ;
in:90 out:91 type:b dur:2 cpbdur:2 q:22.96 aq:17.43 tex:199 mv:26 misc:431 imb:0 pmb:31 smb:3729 d:- ref:0 ;
in:95 out:92 type:P dur:2 cpbdur:2 q:24.09 aq:9.89 tex:7393 mv:152 misc:1927 imb:0 pmb:416 smb:3344 d:s ref:0 ;
in:93 out:93 type:B dur:2 cpbdur:2 q:23.50 aq:15.62 tex:829 mv:137 misc:1170 imb:0 pmb:219 smb:3541 d:s ref:0 ;
in:92 out:94 type:b dur:2 cpbdur:2 q:23.20 aq:17.43 tex:199 mv:26 misc:431 imb:0 pmb:31 smb:3729 d:s ref:0 ;
in:94 out:95 type:b dur:2 cpbdur:2 q:23.79 aq:9.00 tex:0 mv:0 misc:240 imb:0 pmb:0 smb:3760 d:- ref:0 ;
in:99 out:96 type:P dur:2 cpbdur:2 q:24.94 aq:9.80 tex:3264 mv:111 misc:1553 imb:0 pmb:277 smb:3483 d:s ref:0 ;
in:97 out:97 type:B dur:2 cpbdur:2 q:24.52 aq:16.57 tex:393 mv:40 misc:711 imb:0 pmb:88 smb:3672 d:s ref:0 ;
in:96 out:98 type:b dur:2 cpbdur:2 q:24.30 aq:9.00 tex:0 mv:0 misc:240 imb:0 pmb:0 smb:3760 d:s ref:0 ;
in:98 out:99 type:b dur:2 cpbdur:2 q:24.73 aq:10.00 tex:0 mv:0 misc:240 imb:0 pmb:0 smb:3760 d:- ref:0 ;
in:103 out:100 type:P dur:2 cpbdur:2 q:24.87 aq:9.80 tex:2987 mv:114 misc:1499 imb:0 pmb:267 smb:3493 d:s ref:0 ;
in:101 out:101 type:B dur:2 cpbdur:2 q:24.91 aq:17.57 tex:194 mv:29 misc:449 imb:0 pmb:31 smb:3729 d:s ref:0 ;
in:100 out:102 type:b dur:2 cpbdur:2 q:24.92 aq:10.00 tex:0 mv:0 misc:240 imb:0 pmb:0 smb:3760 d:s ref:0 ;
in:102 out:103 type:b dur:2 cpbdur:2 q:24.89 aq:10.00 tex:0 mv:0 misc:240 imb:0 pmb:0 smb:3760 d:- ref:0 ;
in:107 out:104 type:P dur:2 cpbdur:2 q:24.76 aq:9.80 tex:2967 mv:113 misc:1504 imb:0 pmb:267 smb:3493 d:s ref:0 ;
in:105 out:105 type:B dur:2 cpbdur:2 q:24.82 aq:17.57 tex:194 mv:29 misc:449 imb:0 pmb:31 smb:3729 d:s ref:0 ;
in:104 out:106 type:b dur:2 cpbdur:2 q:24.84 aq:10.00 tex:0 mv:0 misc:240 imb:0 pmb:0 smb:3760 d:s ref:0 ;
in:106 out:107 type:b dur:2 cpbdur:2 q:24.79 aq:10.00 tex:0 mv:0 misc:240 imb:0 pmb:0 smb:3760 d:- ref:0 ;
in:111 out:108 type:P dur:2 cpbdur:2 q:23.90 aq:9.36 tex:4303 mv:124 misc:1629 imb:0 pmb:305 smb:3455 d:s ref:0 ;
in:109 out:109 type:B dur:2 cpbdur:2 q:24.33 aq:16.57 tex:393 mv:40 misc:711 imb:0 pmb:88 smb:3672 d:s ref:0 ;
in:108 out:110 type:b dur:2 cpbdur:2 q:24.54 aq:10.00 tex:0 mv:0 misc:240 imb:0 pmb:0 smb:3760 d:s ref:0 ;
in:110 out:111 type:b dur:2 cpbdur:2 q:24.11 aq:9.00 tex:0 mv:0 misc:240 imb:0 pmb:0 smb:3760 d:- ref:0 ;
in:115 out:112 type:P dur:2 cpbdur:2 q:23.07 aq:9.80 tex:19038 mv:197 misc:2221 imb:0 pmb:695 smb:3065 d:s ref:0 ;
in:113 out:113 type:B dur:2 cpbdur:2 q:23.48 aq:15.62 tex:823 mv:104 misc:1193 imb:0 pmb:222 smb:3538 d:s ref:0 ;
in:112 out:114 type:b dur:2 cpbdur:2 q:23.69 aq:16.95 tex:179 mv:37 misc:416 imb:0 pmb:28 smb:3732 d:s ref:0 ;
in:114 out:115 type:b dur:2 cpbdur:2 q:23.28 aq:17.43 tex:197 mv:39 misc:436 imb:0 pmb:31 smb:3729 d:- ref:0 ;
in:119 out:116 type:P dur:2 cpbdur:2 q:22.29 aq:9.46 tex:39109 mv:305 misc:2898 imb:1 pmb:1052 smb:2707 d:s ref:0 ;
in:117 out:117 type:B dur:2 cpbdur:2 q:22.68 aq:15.48 tex:827 mv:148 misc:1193 imb:0 pmb:222 smb:3538 d:s ref:0 ;
in:116 out:118 type:b dur:2 cpbdur:2 q:22.87 aq:17.43 tex:198 mv:35 misc:431 imb:0 pmb:31 smb:3729 d:s ref:0 ;
in:118 out:119 type:b dur:2 cpbdur:2 q:22.48 aq:16.43 tex:387 mv:36 misc:697 imb:0 pmb:87 smb:3673 d:- ref:0 ;
in:123 out:120 type:P dur:2 cpbdur:2 q:21.29 aq:8.81 tex:316098 mv:518 misc:960 imb:3 pmb:2492 smb:1265 d:s ref:0 ;
in:121 out:121 type:B dur:2 cpbdur:2 q:21.79 aq:14.57 tex:1139 mv:304 misc:1429 imb:0 pmb:289 smb:3471 d:s ref:0 ;
in:120 out:122 type:b dur:2 cpbdur:2 q:22.04 aq:16.43 tex:654 mv:268 misc:1006 imb:0 pmb:162 smb:3598 d:s ref:0 ;
in:122 out:123 type:b dur:2 cpbdur:2 q:21.54 aq:15.62 tex:1031 mv:197 misc:1324 imb:0 pmb:273 smb:3487 d:- ref:0 ;
in:127 out:124 type:P dur:2 cpbdur:2 q:20.63 aq:7.88 tex:83713 mv:396 misc:2995 imb:0 pmb:1697 smb:2063 d:s ref:0 ;
in:125 out:125 type:B dur:2 cpbdur:2 q:20.96 aq:5.00 tex:39 mv:134 misc:795 imb:0 pmb:103 smb:3657 d:s ref:0 ;
in:124 out:126 type:b dur:2 cpbdur:2 q:21.12 aq:15.16 tex:428 mv:132 misc:784 imb:0 pmb:97 smb:3663 d:s ref:0 ;
in:126 out:127 type:b dur:2 cpbdur:2 q:20.79 aq:14.56 tex:812 mv:35 misc:1057 imb:0 pmb:175 smb:3585 d:- ref:0 ;
in:131 out:128 type:P dur:2 cpbdur:2 q:19.93 aq:8.20 tex:61889 mv:391 misc:3136 imb:0 pmb:1487 smb:2273 d:s ref:0 ;
in:129 out:129 type:B dur:2 cpbdur:2 q:20.28 aq:4.00 tex:50 mv:132 misc:794 imb:0 pmb:95 smb:3665 d:s ref:0 ;
in:128 out:130 type:b dur:2 cpbdur:2 q:20.45 aq:14.43 tex:868 mv:234 misc:1122 imb:0 pmb:187 smb:3573 d:s ref:0 ;
in:130 out:131 type:b dur:2 cpbdur:2 q:20.11 aq:14.43 tex:819 mv:47 misc:1070 imb:0 pmb:174 smb:3586 d:- ref:0 ;
in:135 out:132 type:P dur:2 cpbdur:2 q:19.50 aq:7.48 tex:50625 mv:309 misc:2882 imb:0 pmb:1043 smb:2717 d:s ref:0 ;
in:133 out:133 type:B dur:2 cpbdur:2 q:19.72 aq:4.52 tex:83 mv:115 misc:698 imb:0 pmb:83 smb:3677 d:s ref:0 ;
in:132 out:134 type:b dur:2 cpbdur:2 q:19.83 aq:14.43 tex:904 mv:217 misc:1103 imb:0 pmb:199 smb:3561 d:s ref:0 ;
in:134 out:135 type:b dur:2 cpbdur:2 q:19.61 aq:13.85 tex:818 mv:42 misc:1060 imb:0 pmb:179 smb:3581 d:- ref:0 ;
in:139 out:136 type:P dur:2 cpbdur:2 q:19.64 aq:7.62 tex:20237 mv:215 misc:2508 imb:0 pmb:747 smb:3013 d:s ref:0 ;
in:137 out:137 type:B dur:2 cpbdur:2 q:19.57 aq:4.52 tex:71 mv:88 misc:433 imb:0 pmb:24 smb:3736 d:s ref:0 ;
in:136 out:138 type:b dur:2 cpbdur:2 q:19.53 aq:13.82 tex:802 mv:100 misc:1034 imb:0 pmb:172 smb:3588 d:s ref:0 ;
in:138 out:139 type:b dur:2 cpbdur:2 q:19.60 aq:13.85 tex:790 mv:61 misc:1037 imb:0 pmb:172 smb:3588 d:- ref:0 ;
in:143 out:140 type:P dur:2 cpbdur:2 q:19.38 aq:7.10 tex:15035 mv:168 misc:2141 imb:0 pmb:544 smb:3216 d:s ref:0 ;
in:141 out:141 type:B dur:2 cpbdur:2 q:19.51 aq:4.52 tex:60 mv:68 misc:368 imb:0 pmb:14 smb:3746 d:s ref:0 ;
in:140 out:142 type:b dur:2 cpbdur:2 q:19.57 aq:13.85 tex:822 mv:70 misc:1052 imb:0 pmb:177 smb:3583 d:s ref:0 ;
in:142 out:143 type:b dur:2 cpbdur:2 q:19.44 aq:13.64 tex:797 mv:61 misc:1038 imb:0 pmb:173 smb:3587 d:- ref:0 ;
in:147 out:144 type:P dur:2 cpbdur:2 q:19.05 aq:7.91 tex:14139 mv:154 misc:1747 imb:0 pmb:370 smb:3390 d:s ref:0 ;
in:145 out:145 type:B dur:2 cpbdur:2 q:19.21 aq:4.52 tex:65 mv:75 misc:404 imb:0 pmb:20 smb:3740 d:s ref:0 ;
in:144 out:146 type:b dur:2 cpbdur:2 q:19.30 aq:13.60 tex:868 mv:97 misc:1091 imb:0 pmb:190 smb:3570 d:s ref:0 ;
in:146 out:147 type:b dur:2 cpbdur:2 q:19.13 aq:4.00 tex:0 mv:0 misc:240 imb:0 pmb:0 smb:3760 d:- ref:0 ;
in:151 out:148 type:P dur:2 cpbdur:2 q:18.46 aq:7.44 tex:20624 mv:162 misc:2038 imb:0 pmb:499 smb:3261 d:s ref:0 ;
in:149 out:149 type:B dur:2 cpbdur:2 q:18.75 aq:7.61 tex:209 mv:127 misc:520 imb:0 pmb:40 smb:3720 d:s ref:0 ;
in:148 out:150 type:b dur:2 cpbdur:2 q:18.90 aq:4.00 tex:24 mv:43 misc:309 imb:0 pmb:8 smb:3752 d:s ref:0 ;
in:150 out:151 type:b dur:2 cpbdur:2 q:18.61 aq:4.00 tex:9 mv:16 misc:263 imb:0 pmb:2 smb:3758 d:- ref:0 ;
in:154 out:152 type:P dur:2 cpbdur:2 q:17.66 aq:7.91 tex:103671 mv:1103 misc:2018 imb:127 pmb:609 smb:3024 d:s ref:0 ;
in:152 out:153 type:B dur:2 cpbdur:2 q:18.19 aq:10.63 tex:5439 mv:433 misc:1016 imb:10 pmb:183 smb:3567 d:s ref:0 ;
in:153 out:154 type:b dur:2 cpbdur:2 q:17.93 aq:9.66 tex:4212 mv:253 misc:559 imb:0 pmb:124 smb:3636 d:- ref:0 ;
in:156 out:155 type:P dur:2 cpbdur:2 q:17.19 aq:8.53 tex:167680 mv:2080 misc:2064 imb:273 pmb:701 smb:2786 d:s ref:0 ;
in:155 out:156 type:b dur:2 cpbdur:2 q:17.43 aq:13.95 tex:11909 mv:679 misc:1012 imb:7 pmb:369 smb:3384 d:s ref:0 ;
in:157 out:157 type:P dur:2 cpbdur:2 q:17.01 aq:8.18 tex:227491 mv:3074 misc:1907 imb:382 pmb:637 smb:2741 d:s ref:0 ;
in:158 out:158 type:P dur:2 cpbdur:2 q:16.98 aq:8.99 tex:391845 mv:4547 misc:1528 imb:656 pmb:955 smb:2149 d:s ref:0 ;
in:159 out:159 type:P dur:2 cpbdur:2 q:16.89 aq:9.35 tex:392752 mv:4558 misc:1714 imb:578 pmb:1122 smb:2060 d:s ref:0 ;
in:160 out:160 type:P dur:2 cpbdur:2 q:16.88 aq:9.58 tex:481596 mv:5154 misc:1586 imb:690 pmb:1226 smb:1844 d:s ref:0 ;
in:161 out:161 type:P dur:2 cpbdur:2 q:16.92 aq:10.39 tex:578346 mv:5823 misc:1511 imb:829 pmb:1322 smb:1609 d:s ref:0 ;
in:163 out:162 type:P dur:2 cpbdur:2 q:16.99 aq:8.10 tex:1332019 mv:8075 misc:1178 imb:1127 pmb:1294 smb:1339 d:s ref:0 ;
in:162 out:163 type:b dur:2 cpbdur:2 q:16.95 aq:14.38 tex:88466 mv:1233 misc:1669 imb:0 pmb:1568 smb:2192 d:t ref:0 ;
in:167 out:164 type:P dur:2 cpbdur:2 q:17.60 aq:7.37 tex:1078985 mv:2834 misc:581 imb:269 pmb:2340 smb:1151 d:s ref:0 ;
in:165 out:165 type:B dur:2 cpbdur:2 q:17.29 aq:11.49 tex:13614 mv:1115 misc:2143 imb:0 pmb:1041 smb:2719 d:s ref:0 ;
in:164 out:166 type:b dur:2 cpbdur:2 q:17.14 aq:12.05 tex:8007 mv:533 misc:1548 imb:0 pmb:494 smb:3266 d:s ref:0 ;
in:166 out:167 type:b dur:2 cpbdur:2 q:17.45 aq:12.97 tex:1959 mv:265 misc:1408 imb:0 pmb:295 smb:3465 d:- ref:0 ;
in:171 out:168 type:P dur:2 cpbdur:2 q:17.84 aq:6.36 tex:193391 mv:350 misc:1803 imb:0 pmb:2001 smb:1759 d:s ref:0 ;
in:169 out:169 type:B dur:2 cpbdur:2 q:17.72 aq:10.79 tex:860 mv:171 misc:873 imb:0 pmb:117 smb:3643 d:s ref:0 ;
in:168 out:170 type:b dur:2 cpbdur:2 q:17.66 aq:11.16 tex:83 mv:86 misc:407 imb:0 pmb:24 smb:3736 d:s ref:0 ;
in:170 out:171 type:b dur:2 cpbdur:2 q:17.78 aq:9.99 tex:37 mv:10 misc:265 imb:0 pmb:2 smb:3758 d:- ref:0 ;
in:175 out:172 type:P dur:2 cpbdur:2 q:17.92 aq:6.11 tex:322753 mv:1975 misc:2408 imb:317 pmb:1464 smb:1979 d:s ref:0 ;
in:173 out:173 type:B dur:2 cpbdur:2 q:17.88 aq:12.83 tex:46181 mv:551 misc:572 imb:4 pmb:306 smb:3450 d:s ref:0 ;
in:172 out:174 type:b dur:2 cpbdur:2 q:17.86 aq:3.00 tex:53 mv:110 misc:373 imb:0 pmb:82 smb:3678 d:s ref:0 ;
in:174 out:175 type:b dur:2 cpbdur:2 q:17.90 aq:6.67 tex:16206 mv:232 misc:330 imb:0 pmb:280 smb:3480 d:- ref:0 ;
in:179 out:176 type:P dur:2 cpbdur:2 q:19.96 aq:9.27 tex:38264 mv:168 misc:1600 imb:0 pmb:536 smb:3224 d:s ref:0 ;
in:177 out:177 type:B dur:2 cpbdur:2 q:18.94 aq:11.57 tex:260 mv:112 misc:508 imb:0 pmb:88 smb:3672 d:s ref:0 ;
in:176 out:178 type:b dur:2 cpbdur:2 q:18.43 aq:5.61 tex:183 mv:114 misc:383 imb:0 pmb:72 smb:3688 d:s ref:0 ;
in:178 out:179 type:b dur:2 cpbdur:2 q:19.45 aq:4.00 tex:0 mv:0 misc:240 imb:0 pmb:0 smb:3760 d:- ref:0 ;
in:183 out:180 type:P dur:2 cpbdur:2 q:21.89 aq:11.77 tex:2302 mv:92 misc:646 imb:0 pmb:105 smb:3655 d:s ref:0 ;
in:181 out:181 type:B dur:2 cpbdur:2 q:20.93 aq:11.55 tex:35 mv:9 misc:276 imb:0 pmb:2 smb:3758 d:s ref:0 ;
in:180 out:182 type:b dur:2 cpbdur:2 q:20.45 aq:13.92 tex:43 mv:3 misc:258 imb:0 pmb:2 smb:3758 d:s ref:0 ;
in:182 out:183 type:b dur:2 cpbdur:2 q:21.41 aq:10.70 tex:30 mv:2 misc:248 imb:0 pmb:1 smb:3759 d:- ref:0 ;
in:187 out:184 type:P dur:2 cpbdur:2 q:21.57 aq:10.37 tex:1351 mv:85 misc:532 imb:0 pmb:56 smb:3704 d:s ref:0 ;
in:185 out:185 type:B dur:2 cpbdur:2 q:21.73 aq:13.92 tex:43 mv:3 misc:274 imb:0 pmb:2 smb:3758 d:s ref:0 ;
in:184 out:186 type:b dur:2 cpbdur:2 q:21.81 aq:15.11 tex:38 mv:4 misc:262 imb:0 pmb:2 smb:3758 d:s ref:0 ;
in:186 out:187 type:b dur:2 cpbdur:2 q:21.65 aq:15.11 tex:38 mv:4 misc:262 imb:0 pmb:2 smb:3758 d:- ref:0 ;
in:191 out:188 type:P dur:2 cpbdur:2 q:21.42 aq:12.30 tex:647 mv:76 misc:509 imb:0 pmb:35 smb:3725 d:s ref:0 ;
in:189 out:189 type:B dur:2 cpbdur:2 q:21.49 aq:9.70 tex:30 mv:2 misc:272 imb:0 pmb:1 smb:3759 d:s ref:0 ;
in:188 out:190 type:b dur:2 cpbdur:2 q:21.53 aq:11.70 tex:28 mv:2 misc:250 imb:0 pmb:1 smb:3759 d:s ref:0 ;
in:190 out:191 type:b dur:2 cpbdur:2 q:21.45 aq:10.70 tex:29 mv:2 misc:249 imb:0 pmb:1 smb:3759 d:- ref:0 ;
in:195 out:192 type:P dur:2 cpbdur:2 q:20.87 aq:12.36 tex:33493 mv:673 misc:474 imb:41 pmb:50 smb:3669 d:s ref:0 ;
in:193 out:193 type:B dur:2 cpbdur:2 q:21.14 aq:14.87 tex:6263 mv:21 misc:316 imb:0 pmb:58 smb:3702 d:s ref:0 ;
in:192 out:194 type:b dur:2 cpbdur:2 q:21.28 aq:10.70 tex:61 mv:77 misc:310 imb:0 pmb:24 smb:3736 d:s ref:0 ;
in:194 out:195 type:b dur:2 cpbdur:2 q:21.01 aq:12.77 tex:751 mv:68 misc:365 imb:0 pmb:31 smb:3729 d:- ref:0 ;
in:199 out:196 type:P dur:2 cpbdur:2 q:20.37 aq:12.89 tex:18294 mv:152 misc:514 imb:5 pmb:100 smb:3655 d:s ref:0 ;
in:197 out:197 type:B dur:2 cpbdur:2 q:20.62 aq:13.65 tex:1005 mv:94 misc:373 imb:0 pmb:34 smb:3726 d:s ref:0 ;
in:196 out:198 type:b dur:2 cpbdur:2 q:20.75 aq:14.59 tex:163 mv:94 misc:343 imb:0 pmb:27 smb:3733 d:s ref:0 ;
in:198 out:199 type:b dur:2 cpbdur:2 q:20.50 aq:15.59 tex:559 mv:38 misc:299 imb:0 pmb:13 smb:3747 d:- ref:0 ;
in:203 out:200 type:P dur:2 cpbdur:2 q:19.88 aq:11.66 tex:89139 mv:933 misc:640 imb:78 pmb:163 smb:3519 d:s ref:0 ;
in:201 out:201 type:B dur:2 cpbdur:2 q:20.13 aq:14.56 tex:13242 mv:282 misc:452 imb:0 pmb:177 smb:3583 d:s ref:0 ;
in:200 out:202 type:b dur:2 cpbdur:2 q:20.25 aq:15.34 tex:501 mv:136 misc:371 imb:0 pmb:90 smb:3670 d:s ref:0 ;
in:202 out:203 type:b dur:2 cpbdur:2 q:20.00 aq:14.93 tex:1790 mv:180 misc:470 imb:0 pmb:108 smb:3652 d:- ref:0 ;
in:207 out:204 type:P dur:2 cpbdur:2 q:19.46 aq:10.04 tex:103034 mv:904 misc:1518 imb:40 pmb:591 smb:3129 d:s ref:0 ;
in:205 out:205 type:B dur:2 cpbdur:2 q:19.67 aq:14.35 tex:15387 mv:608 misc:565 imb:10 pmb:132 smb:3618 d:s ref:0 ;
in:204 out:206 type:b dur:2 cpbdur:2 q:19.78 aq:13.88 tex:11382 mv:346 misc:368 imb:8 pmb:64 smb:3688 d:s ref:0 ;
in:206 out:207 type:b dur:2 cpbdur:2 q:19.57 aq:12.37 tex:5661 mv:50 misc:369 imb:1 pmb:54 smb:3705 d:- ref:0 ;
in:211 out:208 type:P dur:2 cpbdur:2 q:19.17 aq:10.40 tex:131172 mv:1405 misc:1519 imb:95 pmb:601 smb:3064 d:s ref:0 ;
in:209 out:209 type:B dur:2 cpbdur:2 q:19.32 aq:12.12 tex:38914 mv:825 misc:741 imb:30 pmb:318 smb:3412 d:s ref:0 ;
in:208 out:210 type:b dur:2 cpbdur:2 q:19.39 aq:13.70 tex:11693 mv:405 misc:518 imb:0 pmb:210 smb:3550 d:s ref:0 ;
in:210 out:211 type:b dur:2 cpbdur:2 q:19.24 aq:14.63 tex:21658 mv:546 misc:652 imb:22 pmb:222 smb:3516 d:- ref:0 ;
in:212 out:212 type:P dur:2 cpbdur:2 q:18.87 aq:11.10 tex:141803 mv:1563 misc:1490 imb:194 pmb:588 smb:2978 d:s ref:0 ;
in:213 out:213 type:P dur:2 cpbdur:2 q:18.83 aq:10.67 tex:199296 mv:2147 misc:1517 imb:281 pmb:822 smb:2657 d:s ref:0 ;
in:215 out:214 type:P dur:2 cpbdur:2 q:18.80 aq:12.76 tex:408876 mv:5394 misc:1770 imb:799 pmb:911 smb:2050 d:s ref:0 ;
in:214 out:215 type:b dur:2 cpbdur:2 q:18.82 aq:16.66 tex:85093 mv:3145 misc:1194 imb:188 pmb:837 smb:2735 d:s ref:0 ;
in:216 out:216 type:P dur:2 cpbdur:2 q:18.80 aq:13.56 tex:388859 mv:5151 misc:1942 imb:924 pmb:954 smb:1882 d:s ref:0 ;
in:217 out:217 type:P dur:2 cpbdur:2 q:18.81 aq:11.74 tex:477728 mv:5618 misc:1526 imb:699 pmb:1579 smb:1482 d:s ref:0 ;
in:219 out:218 type:P dur:2 cpbdur:2 q:18.85 aq:9.87 tex:726817 mv:4413 misc:1938 imb:599 pmb:1465 smb:1696 d:s ref:0 ;
in:218 out:219 type:b dur:2 cpbdur:2 q:18.83 aq:15.91 tex:23862 mv:1277 misc:1149 imb:0 pmb:956 smb:2804 d:t ref:0 ;
in:223 out:220 type:P dur:2 cpbdur:2 q:18.97 aq:9.01 tex:316919 mv:1128 misc:1977 imb:34 pmb:1719 smb:2007 d:s ref:0 ;
in:221 out:221 type:B dur:2 cpbdur:2 q:18.91 aq:16.22 tex:5633 mv:354 misc:1285 imb:0 pmb:367 smb:3393 d:s ref:0 ;
in:220 out:222 type:b dur:2 cpbdur:2 q:18.88 aq:14.18 tex:189 mv:157 misc:534 imb:0 pmb:61 smb:3699 d:s ref:0 ;
in:222 out:223 type:b dur:2 cpbdur:2 q:18.94 aq:16.88 tex:3855 mv:310 misc:579 imb:0 pmb:124 smb:3636 d:- ref:0 ;
in:224 out:224 type:P dur:2 cpbdur:2 q:18.95 aq:8.40 tex:96805 mv:275 misc:2552 imb:0 pmb:1181 smb:2579 d:s ref:0 ;
in:228 out:225 type:P dur:2 cpbdur:2 q:18.89 aq:7.69 tex:62549 mv:218 misc:2345 imb:0 pmb:840 smb:2920 d:s ref:0 ;
in:226 out:226 type:B dur:2 cpbdur:2 q:18.92 aq:14.88 tex:988 mv:197 misc:711 imb:0 pmb:96 smb:3664 d:s ref:0 ;
in:225 out:227 type:b dur:2 cpbdur:2 q:18.94 aq:15.49 tex:136 mv:37 misc:355 imb:0 pmb:17 smb:3743 d:s ref:0 ;
in:227 out:228 type:b dur:2 cpbdur:2 q:18.91 aq:15.49 tex:142 mv:46 misc:364 imb:0 pmb:19 smb:3741 d:- ref:0 ;
in:232 out:229 type:P dur:2 cpbdur:2 q:19.27 aq:8.55 tex:9944 mv:135 misc:1505 imb:0 pmb:303 smb:3457 d:s ref:0 ;
in:230 out:230 type:B dur:2 cpbdur:2 q:19.08 aq:15.77 tex:243 mv:62 misc:439 imb:0 pmb:27 smb:3733 d:s ref:0 ;
in:229 out:231 type:b dur:2 cpbdur:2 q:18.99 aq:15.49 tex:118 mv:28 misc:350 imb:0 pmb:14 smb:3746 d:s ref:0 ;
in:231 out:232 type:b dur:2 cpbdur:2 q:19.18 aq:10.87 tex:75 mv:24 misc:301 imb:0 pmb:7 smb:3753 d:- ref:0 ;
in:236 out:233 type:P dur:2 cpbdur:2 q:20.47 aq:11.26 tex:11979 mv:175 misc:1446 imb:0 pmb:275 smb:3485 d:s ref:0 ;
in:234 out:234 type:B dur:2 cpbdur:2 q:19.87 aq:16.18 tex:1313 mv:30 misc:441 imb:0 pmb:33 smb:3727 d:s ref:0 ;
in:233 out:235 type:b dur:2 cpbdur:2 q:19.57 aq:14.55 tex:309 mv:77 misc:470 imb:0 pmb:43 smb:3717 d:s ref:0 ;
in:235 out:236 type:b dur:2 cpbdur:2 q:20.17 aq:14.66 tex:815 mv:54 misc:427 imb:0 pmb:34 smb:3726 d:- ref:0 ;
in:240 out:237 type:P dur:2 cpbdur:2 q:20.30 aq:11.24 tex:285974 mv:3597 misc:1429 imb:470 pmb:305 smb:2985 d:s ref:0 ;
in:238 out:238 type:B dur:2 cpbdur:2 q:20.38 aq:12.21 tex:1686 mv:161 misc:705 imb:0 pmb:160 smb:3600 d:s ref:0 ;
in:237 out:239 type:b dur:2 cpbdur:2 q:20.43 aq:14.27 tex:308 mv:69 misc:439 imb:0 pmb:37 smb:3723 d:s ref:0 ;
in:239 out:240 type:b dur:2 cpbdur:2 q:20.34 aq:15.39 tex:22352 mv:183 misc:841 imb:0 pmb:501 smb:3259 d:- ref:0 ;
in:242 out:241 type:P dur:2 cpbdur:2 q:20.42 aq:11.27 tex:480942 mv:4313 misc:1689 imb:528 pmb:1474 smb:1758 d:s ref:0 ;
in:241 out:242 type:b dur:2 cpbdur:2 q:20.36 aq:14.78 tex:35604 mv:1599 misc:1005 imb:15 pmb:658 smb:3087 d:s ref:0 ;
in:244 out:243 type:P dur:2 cpbdur:2 q:20.55 aq:9.55 tex:469588 mv:3334 misc:2262 imb:278 pmb:1343 smb:2139 d:s ref:0 ;
in:243 out:244 type:b dur:2 cpbdur:2 q:20.48 aq:16.19 tex:16094 mv:668 misc:1062 imb:3 pmb:392 smb:3365 d:s ref:0 ;
in:245 out:245 type:P dur:2 cpbdur:2 q:20.64 aq:9.75 tex:300898 mv:1014 misc:2368 imb:60 pmb:1436 smb:2264 d:s ref:0 ;
in:246 out:246 type:P dur:2 cpbdur:2 q:20.71 aq:9.27 tex:445927 mv:1519 misc:2186 imb:149 pmb:1383 smb:2228 d:s ref:0 ;
in:249 out:247 type:P dur:2 cpbdur:2 q:20.88 aq:17.08 tex:60416 mv:635 misc:709 imb:9 pmb:427 smb:3324 d:s ref:0 ;
in:247 out:248 type:B dur:2 cpbdur:2 q:20.76 aq:16.13 tex:6837 mv:469 misc:750 imb:0 pmb:226 smb:3534 d:s ref:0 ;
in:248 out:249 type:b dur:2 cpbdur:2 q:20.82 aq:17.85 tex:2259 mv:232 misc:765 imb:0 pmb:143 smb:3617 d:- ref:0 ;
in:250 out:250 type:I dur:2 cpbdur:2 q:17.07 aq:4.80 tex:2884054 mv:82834 misc:184 imb:3760 pmb:0 smb:0 d:s ref:;
in:254 out:251 type:P dur:2 cpbdur:2 q:24.13 aq:6.51 tex:210 mv:34 misc:332 imb:0 pmb:8 smb:3752 d:s ref:0 ;
in:252 out:252 type:B dur:2 cpbdur:2 q:24.13 aq:8.00 tex:0 mv:0 misc:240 imb:0 pmb:0 smb:3760 d:s ref:0 ;
in:251 out:253 type:b dur:2 cpbdur:2 q:24.13 aq:9.00 tex:0 mv:0 misc:240 imb:0 pmb:0 smb:3760 d:s ref:0 ;
in:253 out:254 type:b dur:2 cpbdur:2 q:24.13 aq:9.00 tex:0 mv:0 misc:240 imb:0 pmb:0 smb:3760 d:- ref:0 ;
in:258 out:255 type:P dur:2 cpbdur:2 q:23.84 aq:7.24 tex:31 mv:7 misc:290 imb:0 pmb:1 smb:3759 d:s ref:0 ;
in:256 out:256 type:B dur:2 cpbdur:2 q:23.98 aq:8.00 tex:0 mv:0 misc:256 imb:0 pmb:0 smb:3760 d:s ref:0 ;
in:255 out:257 type:b dur:2 cpbdur:2 q:24.06 aq:9.00 tex:0 mv:0 misc:240 imb:0 pmb:0 smb:3760 d:s ref:0 ;
in:257 out:258 type:b dur:2 cpbdur:2 q:23.91 aq:9.00 tex:0 mv:0 misc:240 imb:0 pmb:0 smb:3760 d:- ref:0 ;
in:262 out:259 type:P dur:2 cpbdur:2 q:24.02 aq:5.00 tex:0 mv:0 misc:272 imb:0 pmb:0 smb:3760 d:s ref:0 ;
in:260 out:260 type:B dur:2 cpbdur:2 q:23.93 aq:8.00 tex:0 mv:0 misc:256 imb:0 pmb:0 smb:3760 d:s ref:0 ;
in:259 out:261 type:b dur:2 cpbdur:2 q:23.88 aq:9.00 tex:0 mv:0 misc:240 imb:0 pmb:0 smb:3760 d:s ref:0 ;
in:261 out:262 type:b dur:2 cpbdur:2 q:23.97 aq:9.00 tex:0 mv:0 misc:240 imb:0 pmb:0 smb:3760 d:- ref:0 ;
in:266 out:263 type:P dur:2 cpbdur:2 q:24.13 aq:8.24 tex:40 mv:12 misc:300 imb:0 pmb:2 smb:3758 d:s ref:0 ;
in:264 out:264 type:B dur:2 cpbdur:2 q:24.07 aq:8.00 tex:0 mv:0 misc:256 imb:0 pmb:0 smb:3760 d:s ref:0 ;
in:263 out:265 type:b dur:2 cpbdur:2 q:24.05 aq:9.00 tex:0 mv:0 misc:240 imb:0 pmb:0 smb:3760 d:s ref:0 ;
in:265 out:266 type:b dur:2 cpbdur:2 q:24.10 aq:9.00 tex:0 mv:0 misc:240 imb:0 pmb:0 smb:3760 d:- ref:0 ;
in:270 out:267 type:P dur:2 cpbdur:2 q:22.72 aq:11.12 tex:796 mv:85 misc:487 imb:0 pmb:69 smb:3691 d:s ref:0 ;
in:268 out:268 type:B dur:2 cpbdur:2 q:23.43 aq:7.00 tex:0 mv:0 misc:256 imb:0 pmb:0 smb:3760 d:s ref:0 ;
in:267 out:269 type:b dur:2 cpbdur:2 q:23.78 aq:9.00 tex:0 mv:0 misc:240 imb:0 pmb:0 smb:3760 d:s ref:0 ;
in:269 out:270 type:b dur:2 cpbdur:2 q:23.07 aq:8.00 tex:0 mv:0 misc:240 imb:0 pmb:0 smb:3760 d:- ref:0 ;
in:274 out:271 type:P dur:2 cpbdur:2 q:22.40 aq:10.71 tex:419 mv:55 misc:382 imb:0 pmb:15 smb:3745 d:s ref:0 ;
in:272 out:272 type:B dur:2 cpbdur:2 q:22.56 aq:6.00 tex:0 mv:0 misc:256 imb:0 pmb:0 smb:3760 d:s ref:0 ;
in:271 out:273 type:b dur:2 cpbdur:2 q:22.64 aq:8.00 tex:0 mv:0 misc:240 imb:0 pmb:0 smb:3760 d:s ref:0 ;
in:273 out:274 type:b dur:2 cpbdur:2 q:22.48 aq:7.00 tex:0 mv:0 misc:240 imb:0 pmb:0 smb:3760 d:- ref:0 ;
in:278 out:275 type:P dur:2 cpbdur:2 q:22.07 aq:9.00 tex:526 mv:57 misc:393 imb:0 pmb:18 smb:3742 d:s ref:0 ;
in:276 out:276 type:B dur:2 cpbdur:2 q:22.23 aq:6.00 tex:0 mv:0 misc:256 imb:0 pmb:0 smb:3760 d:s ref:0 ;
in:275 out:277 type:b dur:2 cpbdur:2 q:22.32 aq:7.00 tex:0 mv:0 misc:240 imb:0 pmb:0 smb:3760 d:s ref:0 ;
in:277 out:278 type:b dur:2 cpbdur:2 q:22.15 aq:7.00 tex:0 mv:0 misc:240 imb:0 pmb:0 smb:3760 d:- ref:0 ;
in:282 out:279 type:P dur:2 cpbdur:2 q:21.77 aq:10.51 tex:751 mv:82 misc:559 imb:0 pmb:46 smb:3714 d:s ref:0 ;
in:280 out:280 type:B dur:2 cpbdur:2 q:21.92 aq:6.00 tex:0 mv:0 misc:256 imb:0 pmb:0 smb:3760 d:s ref:0 ;
in:279 out:281 type:b dur:2 cpbdur:2 q:21.99 aq:7.00 tex:0 mv:0 misc:240 imb:0 pmb:0 smb:3760 d:s ref:0 ;
in:281 out:282 type:b dur:2 cpbdur:2 q:21.84 aq:7.00 tex:0 mv:0 misc:240 imb:0 pmb:0 smb:3760 d:- ref:0 ;
in:286 out:283 type:P dur:2 cpbdur:2 q:21.44 aq:9.83 tex:667 mv:74 misc:451 imb:0 pmb:31 smb:3729 d:s ref:0 ;
in:284 out:284 type:B dur:2 cpbdur:2 q:21.60 aq:5.00 tex:0 mv:0 misc:256 imb:0 pmb:0 smb:3760 d:s ref:0 ;
in:283 out:285 type:b dur:2 cpbdur:2 q:21.69 aq:7.00 tex:0 mv:0 misc:240 imb:0 pmb:0 smb:3760 d:s ref:0 ;
in:285 out:286 type:b dur:2 cpbdur:2 q:21.52 aq:7.00 tex:0 mv:0 misc:240 imb:0 pmb:0 smb:3760 d:- ref:0 ;
in:290 out:287 type:P dur:2 cpbdur:2 q:21.13 aq:10.19 tex:1187 mv:97 misc:556 imb:0 pmb:89 smb:3671 d:s ref:0 ;
in:288 out:288 type:B dur:2 cpbdur:2 q:21.29 aq:17.04 tex:111 mv:10 misc:295 imb:0 pmb:10 smb:3750 d:s ref:0 ;
in:287 out:289 type:b dur:2 cpbdur:2 q:21.36 aq:6.00 tex:0 mv:0 misc:240 imb:0 pmb:0 smb:3760 d:s ref:0 ;
in:289 out:290 type:b dur:2 cpbdur:2 q:21.21 aq:6.00 tex:0 mv:0 misc:240 imb:0 pmb:0 smb:3760 d:- ref:0 ;
in:294 out:291 type:P dur:2 cpbdur:2 q:20.82 aq:9.72 tex:824 mv:74 misc:486 imb:0 pmb:30 smb:3730 d:s ref:0 ;
in:292 out:292 type:B dur:2 cpbdur:2 q:20.98 aq:5.00 tex:0 mv:0 misc:256 imb:0 pmb:0 smb:3760 d:s ref:0 ;
in:291 out:293 type:b dur:2 cpbdur:2 q:21.05 aq:6.00 tex:0 mv:0 misc:240 imb:0 pmb:0 smb:3760 d:s ref:0 ;
in:293 out:294 type:b dur:2 cpbdur:2 q:20.90 aq:6.00 tex:0 mv:0 misc:240 imb:0 pmb:0 smb:3760 d:- ref:0 ;
in:298 out:295 type:P dur:2 cpbdur:2 q:20.52 aq:8.57 tex:674 mv:74 misc:476 imb:0 pmb:29 smb:3731 d:s ref:0 ;
in:296 out:296 type:B dur:2 cpbdur:2 q:20.67 aq:4.00 tex:0 mv:0 misc:256 imb:0 pmb:0 smb:3760 d:s ref:0 ;
in:295 out:297 type:b dur:2 cpbdur:2 q:20.74 aq:6.00 tex:0 mv:0 misc:240 imb:0 pmb:0 smb:3760 d:s ref:0 ;
in:297 out:298 type:b dur:2 cpbdur:2 q:20.60 aq:6.00 tex:0 mv:0 misc:240 imb:0 pmb:0 smb:3760 d:- ref:0 ;
in:302 out:299 type:P dur:2 cpbdur:2 q:20.21 aq:8.96 tex:2464 mv:107 misc:733 imb:0 pmb:123 smb:3637 d:s ref:0 ;
in:300 out:300 type:B dur:2 cpbdur:2 q:20.37 aq:17.05 tex:215 mv:19 misc:350 imb:0 pmb:30 smb:3730 d:s ref:0 ;
in:299 out:301 type:b dur:2 cpbdur:2 q:20.44 aq:18.92 tex:176 mv:24 misc:328 imb:0 pmb:28 smb:3732 d:s ref:0 ;
in:301 out:302 type:b dur:2 cpbdur:2 q:20.29 aq:5.00 tex:0 mv:0 misc:240 imb:0 pmb:0 smb:3760 d:- ref:0 ;
in:306 out:303 type:P dur:2 cpbdur:2 q:19.93 aq:8.02 tex:1822 mv:100 misc:718 imb:0 pmb:73 smb:3687 d:s ref:0 ;
in:304 out:304 type:B dur:2 cpbdur:2 q:20.07 aq:17.04 tex:33 mv:1 misc:270 imb:0 pmb:1 smb:3759 d:s ref:0 ;
in:303 out:305 type:b dur:2 cpbdur:2 q:20.14 aq:5.00 tex:0 mv:0 misc:240 imb:0 pmb:0 smb:3760 d:s ref:0 ;
in:305 out:306 type:b dur:2 cpbdur:2 q:20.00 aq:5.00 tex:0 mv:0 misc:240 imb:0 pmb:0 smb:3760 d:- ref:0 ;
in:310 out:307 type:P dur:2 cpbdur:2 q:19.96 aq:9.00 tex:1032 mv:83 misc:613 imb:0 pmb:50 smb:3710 d:s ref:0 ;
in:308 out:308 type:B dur:2 cpbdur:2 q:19.94 aq:17.04 tex:33 mv:1 misc:270 imb:0 pmb:1 smb:3759 d:s ref:0 ;
in:307 out:309 type:b dur:2 cpbdur:2 q:19.94 aq:5.00 tex:0 mv:0 misc:240 imb:0 pmb:0 smb:3760 d:s ref:0 ;
in:309 out:310 type:b dur:2 cpbdur:2 q:19.95 aq:5.00 tex:0 mv:0 misc:240 imb:0 pmb:0 smb:3760 d:- ref:0 ;
in:314 out:311 type:P dur:2 cpbdur:2 q:19.59 aq:7.72 tex:5525 mv:106 misc:937 imb:0 pmb:144 smb:3616 d:s ref:0 ;
in:312 out:312 type:B dur:2 cpbdur:2 q:19.77 aq:17.04 tex:33 mv:1 misc:270 imb:0 pmb:1 smb:3759 d:s ref:0 ;
in:311 out:313 type:b dur:2 cpbdur:2 q:19.86 aq:5.00 tex:0 mv:0 misc:240 imb:0 pmb:0 smb:3760 d:s ref:0 ;
in:313 out:314 type:b dur:2 cpbdur:2 q:19.68 aq:5.00 tex:0 mv:0 misc:240 imb:0 pmb:0 smb:3760 d:- ref:0 ;
in:318 out:315 type:P dur:2 cpbdur:2 q:19.26 aq:6.54 tex:6454 mv:114 misc:1112 imb:0 pmb:185 smb:3575 d:s ref:0 ;
in:316 out:316 type:B dur:2 cpbdur:2 q:19.42 aq:3.00 tex:0 mv:0 misc:256 imb:0 pmb:0 smb:3760 d:s ref:0 ;
in:315 out:317 type:b dur:2 cpbdur:2 q:19.51 aq:5.00 tex:0 mv:0 misc:240 imb:0 pmb:0 smb:3760 d:s ref:0 ;
in:317 out:318 type:b dur:2 cpbdur:2 q:19.34 aq:4.00 tex:0 mv:0 misc:240 imb:0 pmb:0 smb:3760 d:- ref:0 ;
in:322 out:319 type:P dur:2 cpbdur:2 q:18.88 aq:5.82 tex:7209 mv:116 misc:1307 imb:0 pmb:221 smb:3539 d:s ref:0 ;
in:320 out:320 type:B dur:2 cpbdur:2 q:19.07 aq:3.00 tex:0 mv:0 misc:256 imb:0 pmb:0 smb:3760 d:s ref:0 ;
in:319 out:321 type:b dur:2 cpbdur:2 q:19.17 aq:4.00 tex:0 mv:0 misc:240 imb:0 pmb:0 smb:3760 d:s ref:0 ;
in:321 out:322 type:b dur:2 cpbdur:2 q:18.98 aq:4.00 tex:0 mv:0 misc:240 imb:0 pmb:0 smb:3760 d:- ref:0 ;
in:326 out:323 type:P dur:2 cpbdur:2 q:18.18 aq:6.67 tex:15646 mv:147 misc:1711 imb:0 pmb:359 smb:3401 d:s ref:0 ;
in:324 out:324 type:B dur:2 cpbdur:2 q:18.53 aq:2.00 tex:0 mv:0 misc:256 imb:0 pmb:0 smb:3760 d:s ref:0 ;
in:323 out:325 type:b dur:2 cpbdur:2 q:18.71 aq:4.00 tex:0 mv:0 misc:240 imb:0 pmb:0 smb:3760 d:s ref:0 ;
in:325 out:326 type:b dur:2 cpbdur:2 q:18.36 aq:3.00 tex:0 mv:0 misc:240 imb:0 pmb:0 smb:3760 d:- ref:0 ;
in:330 out:327 type:P dur:2 cpbdur:2 q:17.87 aq:5.82 tex:15931 mv:157 misc:1672 imb:0 pmb:388 smb:3372 d:s ref:0 ;
in:328 out:328 type:B dur:2 cpbdur:2 q:18.02 aq:2.00 tex:0 mv:0 misc:256 imb:0 pmb:0 smb:3760 d:s ref:0 ;
in:327 out:329 type:b dur:2 cpbdur:2 q:18.10 aq:3.00 tex:0 mv:0 misc:240 imb:0 pmb:0 smb:3760 d:s ref:0 ;
in:329 out:330 type:b dur:2 cpbdur:2 q:17.95 aq:3.00 tex:0 mv:0 misc:240 imb:0 pmb:0 smb:3760 d:- ref:0 ;
in:334 out:331 type:P dur:2 cpbdur:2 q:17.55 aq:6.24 tex:14655 mv:130 misc:1471 imb:0 pmb:303 smb:3457 d:s ref:0 ;
in:332 out:332 type:B dur:2 cpbdur:2 q:17.71 aq:1.00 tex:0 mv:0 misc:264 imb:0 pmb:0 smb:3760 d:s ref:0 ;
in:331 out:333 type:b dur:2 cpbdur:2 q:17.79 aq:3.00 tex:0 mv:0 misc:240 imb:0 pmb:0 smb:3760 d:s ref:0 ;
in:333 out:334 type:b dur:2 cpbdur:2 q:17.63 aq:3.00 tex:0 mv:0 misc:240 imb:0 pmb:0 smb:3760 d:- ref:0 ;
in:338 out:335 type:P dur:2 cpbdur:2 q:17.23 aq:6.59 tex:34813 mv:184 misc:2043 imb:0 pmb:619 smb:3141 d:s ref:0 ;
in:336 out:336 type:B dur:2 cpbdur:2 q:17.39 aq:1.00 tex:0 mv:0 misc:264 imb:0 pmb:0 smb:3760 d:s ref:0 ;
in:335 out:337 type:b dur:2 cpbdur:2 q:17.47 aq:2.00 tex:0 mv:0 misc:240 imb:0 pmb:0 smb:3760 d:s ref:0 ;
in:337 out:338 type:b dur:2 cpbdur:2 q:17.31 aq:2.00 tex:0 mv:0 misc:240 imb:0 pmb:0 smb:3760 d:- ref:0 ;
in:342 out:339 type:P dur:2 cpbdur:2 q:16.92 aq:5.98 tex:24021 mv:171 misc:2024 imb:0 pmb:504 smb:3256 d:s ref:0 ;
in:340 out:340 type:B dur:2 cpbdur:2 q:17.08 aq:1.00 tex:0 mv:0 misc:264 imb:0 pmb:0 smb:3760 d:s ref:0 ;
in:339 out:341 type:b dur:2 cpbdur:2 q:17.16 aq:2.00 tex:0 mv:0 misc:240 imb:0 pmb:0 smb:3760 d:s ref:0 ;
in:341 out:342 type:b dur:2 cpbdur:2 q:17.00 aq:2.00 tex:0 mv:0 misc:240 imb:0 pmb:0 smb:3760 d:- ref:0 ;
in:346 out:343 type:P dur:2 cpbdur:2 q:16.61 aq:5.67 tex:27765 mv:172 misc:2015 imb:0 pmb:542 smb:3218 d:s ref:0 ;
in:344 out:344 type:B dur:2 cpbdur:2 q:16.77 aq:1.00 tex:0 mv:0 misc:264 imb:0 pmb:0 smb:3760 d:s ref:0 ;
in:343 out:345 type:b dur:2 cpbdur:2 q:16.84 aq:2.00 tex:0 mv:0 misc:240 imb:0 pmb:0 smb:3760 d:s ref:0 ;
in:345 out:346 type:b dur:2 cpbdur:2 q:16.69 aq:2.00 tex:0 mv:0 misc:240 imb:0 pmb:0 smb:3760 d:- ref:0 ;
in:350 out:347 type:P dur:2 cpbdur:2 q:16.30 aq:6.41 tex:47668 mv:193 misc:2107 imb:0 pmb:696 smb:3064 d:s ref:0 ;
in:348 out:348 type:B dur:2 cpbdur:2 q:16.45 aq:0.00 tex:0 mv:0 misc:264 imb:0 pmb:0 smb:3760 d:s ref:0 ;
in:347 out:349 type:b dur:2 cpbdur:2 q:16.53 aq:2.00 tex:0 mv:0 misc:240 imb:0 pmb:0 smb:3760 d:s ref:0 ;
in:349 out:350 type:b dur:2 cpbdur:2 q:16.38 aq:1.00 tex:0 mv:0 misc:248 imb:0 pmb:0 smb:3760 d:- ref:0 ;
in:354 out:351 type:P dur:2 cpbdur:2 q:16.00 aq:6.16 tex:79044 mv:237 misc:2271 imb:0 pmb:898 smb:2862 d:s ref:0 ;
in:352 out:352 type:B dur:2 cpbdur:2 q:16.15 aq:0.00 tex:0 mv:0 misc:264 imb:0 pmb:0 smb:3760 d:s ref:0 ;
in:351 out:353 type:b dur:2 cpbdur:2 q:16.23 aq:1.00 tex:0 mv:0 misc:248 imb:0 pmb:0 smb:3760 d:s ref:0 ;
in:353 out:354 type:b dur:2 cpbdur:2 q:16.08 aq:1.00 tex:0 mv:0 misc:248 imb:0 pmb:0 smb:3760 d:- ref:0 ;
in:358 out:355 type:P dur:2 cpbdur:2 q:15.70 aq:5.99 tex:61507 mv:229 misc:2400 imb:0 pmb:892 smb:2868 d:s ref:0 ;
in:356 out:356 type:B dur:2 cpbdur:2 q:15.85 aq:0.00 tex:0 mv:0 misc:264 imb:0 pmb:0 smb:3760 d:s ref:0 ;
in:355 out:357 type:b dur:2 cpbdur:2 q:15.93 aq:1.00 tex:0 mv:0 misc:248 imb:0 pmb:0 smb:3760 d:s ref:0 ;
in:357 out:358 type:b dur:2 cpbdur:2 q:15.78 aq:1.00 tex:0 mv:0 misc:248 imb:0 pmb:0 smb:3760 d:- ref:0 ;
in:362 out:359 type:P dur:2 cpbdur:2 q:15.41 aq:6.17 tex:47849 mv:233 misc:2302 imb:0 pmb:781 smb:2979 d:s ref:0 ;
in:360 out:360 type:B dur:2 cpbdur:2 q:15.56 aq:0.00 tex:0 mv:0 misc:264 imb:0 pmb:0 smb:3760 d:s ref:0 ;
in:359 out:361 type:b dur:2 cpbdur:2 q:15.63 aq:1.00 tex:0 mv:0 misc:248 imb:0 pmb:0 smb:3760 d:s ref:0 ;
in:361 out:362 type:b dur:2 cpbdur:2 q:15.48 aq:0.00 tex:0 mv:0 misc:248 imb:0 pmb:0 smb:3760 d:- ref:0 ;
in:366 out:363 type:P dur:2 cpbdur:2 q:15.13 aq:5.11 tex:75874 mv:270 misc:2624 imb:0 pmb:1025 smb:2735 d:s ref:0 ;
in:364 out:364 type:B dur:2 cpbdur:2 q:15.27 aq:3.67 tex:40 mv:10 misc:286 imb:0 pmb:2 smb:3758 d:s ref:0 ;
in:363 out:365 type:b dur:2 cpbdur:2 q:15.34 aq:4.36 tex:36 mv:1 misc:259 imb:0 pmb:1 smb:3759 d:s ref:0 ;
in:365 out:366 type:b dur:2 cpbdur:2 q:15.20 aq:4.13 tex:35 mv:1 misc:260 imb:0 pmb:1 smb:3759 d:- ref:0 ;
in:370 out:367 type:P dur:2 cpbdur:2 q:14.88 aq:4.77 tex:56416 mv:260 misc:2652 imb:0 pmb:937 smb:2823 d:s ref:0 ;
in:368 out:368 type:B dur:2 cpbdur:2 q:15.00 aq:3.67 tex:34 mv:9 misc:269 imb:0 pmb:1 smb:3759 d:s ref:0 ;
in:367 out:369 type:b dur:2 cpbdur:2 q:15.07 aq:4.13 tex:35 mv:9 misc:260 imb:0 pmb:1 smb:3759 d:s ref:0 ;
in:369 out:370 type:b dur:2 cpbdur:2 q:14.94 aq:4.13 tex:35 mv:1 misc:260 imb:0 pmb:1 smb:3759 d:- ref:0 ;
in:374 out:371 type:P dur:2 cpbdur:2 q:14.64 aq:3.82 tex:83430 mv:590 misc:2716 imb:68 pmb:1037 smb:2655 d:s ref:0 ;
in:372 out:372 type:B dur:2 cpbdur:2 q:14.76 aq:3.67 tex:40 mv:10 misc:286 imb:0 pmb:2 smb:3758 d:s ref:0 ;
in:371 out:373 type:b dur:2 cpbdur:2 q:14.82 aq:4.13 tex:35 mv:1 misc:260 imb:0 pmb:1 smb:3759 d:s ref:0 ;
in:373 out:374 type:b dur:2 cpbdur:2 q:14.70 aq:4.13 tex:35 mv:1 misc:260 imb:0 pmb:1 smb:3759 d:- ref:0 ;
in:378 out:375 type:P dur:2 cpbdur:2 q:14.38 aq:4.53 tex:65177 mv:274 misc:2805 imb:0 pmb:1044 smb:2716 d:s ref:0 ;
in:376 out:376 type:B dur:2 cpbdur:2 q:14.51 aq:3.67 tex:40 mv:10 misc:286 imb:0 pmb:2 smb:3758 d:s ref:0 ;
in:375 out:377 type:b dur:2 cpbdur:2 q:14.58 aq:4.13 tex:35 mv:1 misc:260 imb:0 pmb:1 smb:3759 d:s ref:0 ;
in:377 out:378 type:b dur:2 cpbdur:2 q:14.45 aq:4.13 tex:35 mv:1 misc:260 imb:0 pmb:1 smb:3759 d:- ref:0 ;
in:382 out:379 type:P dur:2 cpbdur:2 q:14.14 aq:4.25 tex:76301 mv:328 misc:2899 imb:0 pmb:1339 smb:2421 d:s ref:0 ;
in:380 out:380 type:B dur:2 cpbdur:2 q:14.26 aq:12.00 tex:398 mv:125 misc:397 imb:0 pmb:53 smb:3707 d:s ref:0 ;
in:379 out:381 type:b dur:2 cpbdur:2 q:14.32 aq:3.90 tex:35 mv:1 misc:260 imb:0 pmb:1 smb:3759 d:s ref:0 ;
in:381 out:382 type:b dur:2 cpbdur:2 q:14.20 aq:5.89 tex:48 mv:3 misc:269 imb:0 pmb:2 smb:3758 d:- ref:0 ;
in:386 out:383 type:P dur:2 cpbdur:2 q:13.90 aq:4.06 tex:51804 mv:299 misc:2777 imb:0 pmb:1092 smb:2668 d:s ref:0 ;
in:384 out:384 type:B dur:2 cpbdur:2 q:14.02 aq:10.28 tex:51 mv:2 misc:283 imb:0 pmb:2 smb:3758 d:s ref:0 ;
in:383 out:385 type:b dur:2 cpbdur:2 q:14.08 aq:0.00 tex:0 mv:0 misc:248 imb:0 pmb:0 smb:3760 d:s ref:0 ;
in:385 out:386 type:b dur:2 cpbdur:2 q:13.96 aq:0.00 tex:0 mv:0 misc:248 imb:0 pmb:0 smb:3760 d:- ref:0 ;
in:390 out:387 type:P dur:2 cpbdur:2 q:13.67 aq:4.09 tex:50384 mv:316 misc:2836 imb:0 pmb:1085 smb:2675 d:s ref:0 ;
in:388 out:388 type:B dur:2 cpbdur:2 q:13.78 aq:1.82 tex:47 mv:10 misc:287 imb:0 pmb:2 smb:3758 d:s ref:0 ;
in:387 out:389 type:b dur:2 cpbdur:2 q:13.84 aq:0.00 tex:0 mv:0 misc:248 imb:0 pmb:0 smb:3760 d:s ref:0 ;
in:389 out:390 type:b dur:2 cpbdur:2 q:13.73 aq:0.00 tex:0 mv:0 misc:248 imb:0 pmb:0 smb:3760 d:- ref:0 ;
in:394 out:391 type:P dur:2 cpbdur:2 q:13.44 aq:4.38 tex:42838 mv:235 misc:2799 imb:0 pmb:997 smb:2763 d:s ref:0 ;
in:392 out:392 type:B dur:2 cpbdur:2 q:13.55 aq:9.15 tex:491 mv:50 misc:363 imb:0 pmb:54 smb:3706 d:s ref:0 ;
in:391 out:393 type:b dur:2 cpbdur:2 q:13.61 aq:0.00 tex:0 mv:0 misc:248 imb:0 pmb:0 smb:3760 d:s ref:0 ;
in:393 out:394 type:b dur:2 cpbdur:2 q:13.49 aq:12.18 tex:354 mv:30 misc:344 imb:0 pmb:45 smb:3715 d:- ref:0 ;
in:398 out:395 type:P dur:2 cpbdur:2 q:13.18 aq:4.79 tex:30281 mv:229 misc:2562 imb:0 pmb:766 smb:2994 d:s ref:0 ;
in:396 out:396 type:B dur:2 cpbdur:2 q:13.31 aq:10.29 tex:51 mv:3 misc:282 imb:0 pmb:2 smb:3758 d:s ref:0 ;
in:395 out:397 type:b dur:2 cpbdur:2 q:13.37 aq:0.00 tex:0 mv:0 misc:248 imb:0 pmb:0 smb:3760 d:s ref:0 ;
in:397 out:398 type:b dur:2 cpbdur:2 q:13.25 aq:3.67 tex:34 mv:1 misc:253 imb:0 pmb:1 smb:3759 d:- ref:0 ;
in:402 out:399 type:P dur:2 cpbdur:2 q:13.03 aq:4.56 tex:599637 mv:449 misc:962 imb:0 pmb:2605 smb:1155 d:s ref:0 ;
in:400 out:400 type:B dur:2 cpbdur:2 q:13.11 aq:9.86 tex:276 mv:220 misc:1552 imb:0 pmb:326 smb:3434 d:s ref:0 ;
in:399 out:401 type:b dur:2 cpbdur:2 q:13.15 aq:3.67 tex:45 mv:18 misc:273 imb:0 pmb:3 smb:3757 d:s ref:0 ;
in:401 out:402 type:b dur:2 cpbdur:2 q:13.07 aq:3.67 tex:92 mv:130 misc:658 imb:0 pmb:76 smb:3684 d:- ref:0 ;
in:406 out:403 type:P dur:2 cpbdur:2 q:12.95 aq:4.82 tex:135584 mv:359 misc:2641 imb:0 pmb:1821 smb:1939 d:s ref:0 ;
in:404 out:404 type:B dur:2 cpbdur:2 q:12.99 aq:9.47 tex:297 mv:126 misc:569 imb:0 pmb:48 smb:3712 d:s ref:0 ;
in:403 out:405 type:b dur:2 cpbdur:2 q:13.01 aq:13.74 tex:114 mv:36 misc:322 imb:0 pmb:9 smb:3751 d:s ref:0 ;
in:405 out:406 type:b dur:2 cpbdur:2 q:12.97 aq:13.74 tex:99 mv:7 misc:302 imb:0 pmb:6 smb:3754 d:- ref:0 ;
in:410 out:407 type:P dur:2 cpbdur:2 q:12.87 aq:4.86 tex:150268 mv:397 misc:2407 imb:0 pmb:1945 smb:1815 d:s ref:0 ;
in:408 out:408 type:B dur:2 cpbdur:2 q:12.91 aq:9.96 tex:203 mv:89 misc:404 imb:0 pmb:22 smb:3738 d:s ref:0 ;
in:407 out:409 type:b dur:2 cpbdur:2 q:12.93 aq:13.84 tex:222 mv:57 misc:345 imb:0 pmb:21 smb:3739 d:s ref:0 ;
in:409 out:410 type:b dur:2 cpbdur:2 q:12.89 aq:13.63 tex:92 mv:37 misc:311 imb:0 pmb:7 smb:3753 d:- ref:0 ;
in:414 out:411 type:P dur:2 cpbdur:2 q:12.79 aq:5.21 tex:32672 mv:218 misc:2526 imb:0 pmb:773 smb:2987 d:s ref:0 ;
in:412 out:412 type:B dur:2 cpbdur:2 q:12.83 aq:10.03 tex:137 mv:70 misc:393 imb:0 pmb:18 smb:3742 d:s ref:0 ;
in:411 out:413 type:b dur:2 cpbdur:2 q:12.85 aq:13.74 tex:76 mv:15 misc:285 imb:0 pmb:4 smb:3756 d:s ref:0 ;
in:413 out:414 type:b dur:2 cpbdur:2 q:12.81 aq:13.74 tex:78 mv:5 misc:285 imb:0 pmb:4 smb:3756 d:- ref:0 ;
in:418 out:415 type:P dur:2 cpbdur:2 q:12.79 aq:6.04 tex:7098 mv:115 misc:1411 imb:0 pmb:240 smb:3520 d:s ref:0 ;
in:416 out:416 type:B dur:2 cpbdur:2 q:12.79 aq:10.03 tex:102 mv:14 misc:316 imb:0 pmb:6 smb:3754 d:s ref:0 ;
in:415 out:417 type:b dur:2 cpbdur:2 q:12.79 aq:13.74 tex:65 mv:4 misc:275 imb:0 pmb:3 smb:3757 d:s ref:0 ;
in:417 out:418 type:b dur:2 cpbdur:2 q:12.79 aq:13.74 tex:65 mv:4 misc:275 imb:0 pmb:3 smb:3757 d:- ref:0 ;
in:422 out:419 type:P dur:2 cpbdur:2 q:12.72 aq:7.77 tex:1162 mv:83 misc:539 imb:0 pmb:42 smb:3718 d:s ref:0 ;
in:420 out:420 type:B dur:2 cpbdur:2 q:12.75 aq:10.73 tex:105 mv:6 misc:305 imb:0 pmb:5 smb:3755 d:s ref:0 ;
in:419 out:421 type:b dur:2 cpbdur:2 q:12.77 aq:13.74 tex:65 mv:4 misc:275 imb:0 pmb:3 smb:3757 d:s ref:0 ;
in:421 out:422 type:b dur:2 cpbdur:2 q:12.74 aq:13.74 tex:65 mv:4 misc:275 imb:0 pmb:3 smb:3757 d:- ref:0 ;
in:426 out:423 type:P dur:2 cpbdur:2 q:12.66 aq:11.15 tex:593 mv:64 misc:407 imb:0 pmb:20 smb:3740 d:s ref:0 ;
in:424 out:424 type:B dur:2 cpbdur:2 q:12.69 aq:10.38 tex:100 mv:6 misc:310 imb:0 pmb:5 smb:3755 d:s ref:0 ;
in:423 out:425 type:b dur:2 cpbdur:2 q:12.71 aq:13.74 tex:76 mv:5 misc:287 imb:0 pmb:4 smb:3756 d:s ref:0 ;
in:425 out:426 type:b dur:2 cpbdur:2 q:12.67 aq:13.74 tex:76 mv:5 misc:287 imb:0 pmb:4 smb:3756 d:- ref:0 ;
in:427 out:427 type:P dur:2 cpbdur:2 q:12.58 aq:14.14 tex:1257 mv:70 misc:401 imb:0 pmb:22 smb:3738 d:s ref:0 ;
in:428 out:428 type:P dur:2 cpbdur:2 q:12.56 aq:10.03 tex:1774954 mv:13499 misc:747 imb:2248 pmb:337 smb:1175 d:s ref:0 ;
in:429 out:429 type:I dur:2 cpbdur:2 q:10.21 aq:5.05 tex:2983457 mv:55266 misc:237 imb:3760 pmb:0 smb:0 d:s ref:;
in:431 out:430 type:P dur:2 cpbdur:2 q:14.67 aq:6.86 tex:2422879 mv:15953 misc:400 imb:2168 pmb:1592 smb:0 d:s ref:0 w:3,11,-7,6,99,-70,64,0 ;
in:430 out:431 type:b dur:2 cpbdur:2 q:14.67 aq:14.15 tex:69291 mv:99 misc:1482 imb:0 pmb:2092 smb:1668 d:s ref:0 ;
in:432 out:432 type:P dur:2 cpbdur:2 q:15.66 aq:7.76 tex:1391666 mv:3566 misc:544 imb:276 pmb:2604 smb:880 d:s ref:0 w:6,67,-1,4,17,-8,16,0 ;
in:433 out:433 type:P dur:2 cpbdur:2 q:15.82 aq:6.94 tex:982877 mv:1834 misc:457 imb:177 pmb:2703 smb:880 d:s ref:0 w:6,65,0 ;
in:435 out:434 type:P dur:2 cpbdur:2 q:15.82 aq:6.56 tex:942877 mv:1049 misc:498 imb:175 pmb:2705 smb:880 d:s ref:0 w:6,65,0 ;
in:434 out:435 type:b dur:2 cpbdur:2 q:15.82 aq:12.10 tex:9354 mv:768 misc:1902 imb:0 pmb:657 smb:3103 d:s ref:0 ;
in:439 out:436 type:P dur:2 cpbdur:2 q:15.88 aq:6.72 tex:225462 mv:418 misc:1464 imb:0 pmb:2430 smb:1330 d:s ref:0 ;
in:437 out:437 type:B dur:2 cpbdur:2 q:15.85 aq:13.82 tex:773 mv:299 misc:1520 imb:0 pmb:308 smb:3452 d:s ref:0 ;
in:436 out:438 type:b dur:2 cpbdur:2 q:15.84 aq:14.93 tex:789 mv:270 misc:1133 imb:0 pmb:186 smb:3574 d:s ref:0 ;
in:438 out:439 type:b dur:2 cpbdur:2 q:15.87 aq:15.26 tex:596 mv:60 misc:736 imb:0 pmb:82 smb:3678 d:- ref:0 ;
in:443 out:440 type:P dur:2 cpbdur:2 q:15.60 aq:6.35 tex:90848 mv:356 misc:2972 imb:0 pmb:1605 smb:2155 d:s ref:0 ;
in:441 out:441 type:B dur:2 cpbdur:2 q:15.74 aq:14.32 tex:515 mv:234 misc:1123 imb:0 pmb:172 smb:3588 d:s ref:0 ;
in:440 out:442 type:b dur:2 cpbdur:2 q:15.81 aq:15.53 tex:605 mv:186 misc:753 imb:0 pmb:93 smb:3667 d:s ref:0 ;
in:442 out:443 type:b dur:2 cpbdur:2 q:15.67 aq:15.14 tex:542 mv:39 misc:675 imb:0 pmb:72 smb:3688 d:- ref:0 ;
in:447 out:444 type:P dur:2 cpbdur:2 q:16.61 aq:7.26 tex:18647 mv:185 misc:2216 imb:0 pmb:598 smb:3162 d:s ref:0 ;
in:445 out:445 type:B dur:2 cpbdur:2 q:16.11 aq:14.41 tex:399 mv:150 misc:635 imb:0 pmb:66 smb:3694 d:s ref:0 ;
in:444 out:446 type:b dur:2 cpbdur:2 q:15.85 aq:14.78 tex:540 mv:116 misc:720 imb:0 pmb:84 smb:3676 d:s ref:0 ;
in:446 out:447 type:b dur:2 cpbdur:2 q:16.36 aq:14.58 tex:607 mv:23 misc:722 imb:0 pmb:89 smb:3671 d:- ref:0 ;
in:451 out:448 type:P dur:2 cpbdur:2 q:18.92 aq:10.64 tex:2462 mv:105 misc:1193 imb:0 pmb:170 smb:3590 d:s ref:0 ;
in:449 out:449 type:B dur:2 cpbdur:2 q:17.76 aq:13.14 tex:419 mv:50 misc:627 imb:0 pmb:61 smb:3699 d:s ref:0 ;
in:448 out:450 type:b dur:2 cpbdur:2 q:17.19 aq:15.19 tex:464 mv:40 misc:744 imb:0 pmb:89 smb:3671 d:s ref:0 ;
in:450 out:451 type:b dur:2 cpbdur:2 q:18.34 aq:13.38 tex:228 mv:26 misc:498 imb:0 pmb:38 smb:3722 d:- ref:0 ;
in:455 out:452 type:P dur:2 cpbdur:2 q:19.66 aq:11.85 tex:585 mv:82 misc:501 imb:0 pmb:33 smb:3727 d:s ref:0 ;
in:453 out:453 type:B dur:2 cpbdur:2 q:19.29 aq:14.96 tex:246 mv:23 misc:507 imb:0 pmb:39 smb:3721 d:s ref:0 ;
in:452 out:454 type:b dur:2 cpbdur:2 q:19.10 aq:12.84 tex:33 mv:1 misc:254 imb:0 pmb:1 smb:3759 d:s ref:0 ;
in:454 out:455 type:b dur:2 cpbdur:2 q:19.47 aq:4.00 tex:0 mv:0 misc:240 imb:0 pmb:0 smb:3760 d:- ref:0 ;
in:459 out:456 type:P dur:2 cpbdur:2 q:19.57 aq:14.97 tex:299 mv:89 misc:500 imb:0 pmb:41 smb:3719 d:s ref:0 ;
in:457 out:457 type:B dur:2 cpbdur:2 q:19.62 aq:14.96 tex:238 mv:21 misc:501 imb:0 pmb:37 smb:3723 d:s ref:0 ;
in:456 out:458 type:b dur:2 cpbdur:2 q:19.64 aq:5.00 tex:0 mv:0 misc:240 imb:0 pmb:0 smb:3760 d:s ref:0 ;
in:458 out:459 type:b dur:2 cpbdur:2 q:19.59 aq:5.00 tex:0 mv:0 misc:240 imb:0 pmb:0 smb:3760 d:- ref:0 ;
in:463 out:460 type:P dur:2 cpbdur:2 q:19.18 aq:15.61 tex:264 mv:81 misc:479 imb:0 pmb:36 smb:3724 d:s ref:0 ;
in:461 out:461 type:B dur:2 cpbdur:2 q:19.38 aq:14.96 tex:238 mv:21 misc:501 imb:0 pmb:37 smb:3723 d:s ref:0 ;
in:460 out:462 type:b dur:2 cpbdur:2 q:19.48 aq:4.00 tex:0 mv:0 misc:240 imb:0 pmb:0 smb:3760 d:s ref:0 ;
in:462 out:463 type:b dur:2 cpbdur:2 q:19.28 aq:4.00 tex:0 mv:0 misc:240 imb:0 pmb:0 smb:3760 d:- ref:0 ;
in:467 out:464 type:P dur:2 cpbdur:2 q:18.78 aq:14.87 tex:545 mv:89 misc:774 imb:0 pmb:83 smb:3677 d:s ref:0 ;
in:465 out:465 type:B dur:2 cpbdur:2 q:18.98 aq:15.46 tex:477 mv:31 misc:772 imb:0 pmb:92 smb:3668 d:s ref:0 ;
in:464 out:466 type:b dur:2 cpbdur:2 q:19.08 aq:16.19 tex:41 mv:3 misc:260 imb:0 pmb:2 smb:3758 d:s ref:0 ;
in:466 out:467 type:b dur:2 cpbdur:2 q:18.88 aq:16.19 tex:225 mv:23 misc:480 imb:0 pmb:36 smb:3724 d:- ref:0 ;
in:471 out:468 type:P dur:2 cpbdur:2 q:18.25 aq:14.82 tex:803594 mv:7761 misc:957 imb:965 pmb:1263 smb:1532 d:s ref:0 ;
in:469 out:469 type:B dur:2 cpbdur:2 q:18.51 aq:15.20 tex:680 mv:219 misc:1149 imb:0 pmb:265 smb:3495 d:s ref:0 ;
in:468 out:470 type:b dur:2 cpbdur:2 q:18.65 aq:15.96 tex:226 mv:26 misc:476 imb:0 pmb:36 smb:3724 d:s ref:0 ;
in:470 out:471 type:b dur:2 cpbdur:2 q:18.38 aq:16.47 tex:1855 mv:312 misc:1553 imb:0 pmb:386 smb:3374 d:- ref:0 ;
in:474 out:472 type:P dur:2 cpbdur:2 q:18.21 aq:8.60 tex:1447416 mv:11827 misc:933 imb:2059 pmb:516 smb:1185 d:s ref:0 ;
in:472 out:473 type:B dur:2 cpbdur:2 q:18.23 aq:15.33 tex:45767 mv:67 misc:1222 imb:0 pmb:1283 smb:2477 d:s ref:0 ;
in:473 out:474 type:b dur:2 cpbdur:2 q:18.22 aq:15.01 tex:16455 mv:80 misc:2073 imb:0 pmb:1077 smb:2683 d:- ref:0 ;
in:476 out:475 type:P dur:2 cpbdur:2 q:18.31 aq:7.29 tex:887460 mv:1136 misc:524 imb:176 pmb:2704 smb:880 d:s ref:0 w:6,65,0 ;
in:475 out:476 type:b dur:2 cpbdur:2 q:18.26 aq:11.09 tex:1322 mv:213 misc:641 imb:0 pmb:92 smb:3668 d:t ref:0 ;
in:480 out:477 type:P dur:2 cpbdur:2 q:18.38 aq:6.68 tex:202098 mv:403 misc:2035 imb:0 pmb:2071 smb:1689 d:s ref:0 ;
in:478 out:478 type:B dur:2 cpbdur:2 q:18.34 aq:10.66 tex:581 mv:304 misc:1923 imb:0 pmb:465 smb:3295 d:s ref:0 ;
in:477 out:479 type:b dur:2 cpbdur:2 q:18.33 aq:3.00 tex:65 mv:137 misc:1262 imb:0 pmb:229 smb:3531 d:s ref:0 ;
in:479 out:480 type:b dur:2 cpbdur:2 q:18.36 aq:3.00 tex:5 mv:8 misc:251 imb:0 pmb:1 smb:3759 d:- ref:0 ;
in:484 out:481 type:P dur:2 cpbdur:2 q:18.17 aq:6.01 tex:70183 mv:280 misc:2473 imb:0 pmb:1199 smb:2561 d:s ref:0 ;
in:482 out:482 type:B dur:2 cpbdur:2 q:18.27 aq:10.66 tex:365 mv:212 misc:1151 imb:0 pmb:201 smb:3559 d:s ref:0 ;
in:481 out:483 type:b dur:2 cpbdur:2 q:18.32 aq:3.00 tex:50 mv:106 misc:708 imb:0 pmb:85 smb:3675 d:s ref:0 ;
in:483 out:484 type:b dur:2 cpbdur:2 q:18.22 aq:3.00 tex:0 mv:0 misc:240 imb:0 pmb:0 smb:3760 d:- ref:0 ;
in:488 out:485 type:P dur:2 cpbdur:2 q:18.34 aq:7.60 tex:12556 mv:144 misc:1780 imb:0 pmb:374 smb:3386 d:s ref:0 ;
in:486 out:486 type:B dur:2 cpbdur:2 q:18.25 aq:9.96 tex:184 mv:87 misc:441 imb:0 pmb:24 smb:3736 d:s ref:0 ;
in:485 out:487 type:b dur:2 cpbdur:2 q:18.21 aq:3.00 tex:22 mv:43 misc:303 imb:0 pmb:7 smb:3753 d:s ref:0 ;
in:487 out:488 type:b dur:2 cpbdur:2 q:18.30 aq:3.00 tex:0 mv:0 misc:240 imb:0 pmb:0 smb:3760 d:- ref:0 ;
in:492 out:489 type:P dur:2 cpbdur:2 q:18.94 aq:10.05 tex:9215 mv:235 misc:1118 imb:12 pmb:158 smb:3590 d:s ref:0 ;
in:490 out:490 type:B dur:2 cpbdur:2 q:18.64 aq:13.86 tex:127 mv:72 misc:345 imb:0 pmb:18 smb:3742 d:s ref:0 ;
in:489 out:491 type:b dur:2 cpbdur:2 q:18.49 aq:3.00 tex:12 mv:24 misc:268 imb:0 pmb:3 smb:3757 d:s ref:0 ;
in:491 out:492 type:b dur:2 cpbdur:2 q:18.79 aq:13.71 tex:1564 mv:88 misc:308 imb:0 pmb:21 smb:3739 d:- ref:0 ;
in:493 out:493 type:P dur:2 cpbdur:2 q:19.57 aq:10.32 tex:15390 mv:410 misc:792 imb:39 pmb:90 smb:3631 d:s ref:0 ;
in:494 out:494 type:P dur:2 cpbdur:2 q:19.66 aq:13.08 tex:59920 mv:1193 misc:831 imb:200 pmb:97 smb:3463 d:s ref:0 ;
in:496 out:495 type:P dur:2 cpbdur:2 q:19.75 aq:14.05 tex:133591 mv:2696 misc:905 imb:442 pmb:152 smb:3166 d:s ref:0 ;
in:495 out:496 type:b dur:2 cpbdur:2 q:19.70 aq:15.65 tex:12168 mv:734 misc:1074 imb:0 pmb:535 smb:3225 d:s ref:0 ;
in:497 out:497 type:P dur:2 cpbdur:2 q:19.84 aq:12.18 tex:154598 mv:2892 misc:1294 imb:424 pmb:464 smb:2872 d:s ref:0 ;
in:499 out:498 type:P dur:2 cpbdur:2 q:19.88 aq:14.79 tex:373382 mv:6205 misc:1349 imb:960 pmb:597 smb:2203 d:s ref:0 ;
in:498 out:499 type:b dur:2 cpbdur:2 q:19.86 aq:16.36 tex:78548 mv:3240 misc:1332 imb:188 pmb:1009 smb:2563 d:s ref:0 ;
in:501 out:500 type:P dur:2 cpbdur:2 q:19.82 aq:15.76 tex:770203 mv:8665 misc:1340 imb:1327 pmb:676 smb:1757 d:s ref:0 ;
in:500 out:501 type:b dur:2 cpbdur:2 q:19.85 aq:17.31 tex:69445 mv:2805 misc:1766 imb:266 pmb:1026 smb:2468 d:s ref:0 ;
in:503 out:502 type:P dur:2 cpbdur:2 q:19.91 aq:11.06 tex:716591 mv:7120 misc:1433 imb:932 pmb:1388 smb:1440 d:s ref:0 ;
in:502 out:503 type:b dur:2 cpbdur:2 q:19.87 aq:17.24 tex:24344 mv:986 misc:1814 imb:1 pmb:1136 smb:2623 d:s ref:0 ;
in:507 out:504 type:P dur:2 cpbdur:2 q:19.75 aq:11.16 tex:385920 mv:3343 misc:2057 imb:229 pmb:1499 smb:2032 d:s ref:0 ;
in:505 out:505 type:B dur:2 cpbdur:2 q:19.83 aq:14.98 tex:4984 mv:474 misc:1366 imb:0 pmb:417 smb:3343 d:s ref:0 ;
in:504 out:506 type:b dur:2 cpbdur:2 q:19.87 aq:15.27 tex:4397 mv:357 misc:1262 imb:0 pmb:373 smb:3387 d:s ref:0 ;
in:506 out:507 type:b dur:2 cpbdur:2 q:19.79 aq:15.93 tex:10972 mv:378 misc:850 imb:2 pmb:175 smb:3583 d:- ref:0 ;
in:511 out:508 type:P dur:2 cpbdur:2 q:19.47 aq:12.06 tex:98611 mv:1242 misc:2203 imb:71 pmb:611 smb:3078 d:s ref:0 ;
in:509 out:509 type:B dur:2 cpbdur:2 q:19.61 aq:15.03 tex:11780 mv:393 misc:1075 imb:0 pmb:236 smb:3524 d:s ref:0 ;
in:508 out:510 type:b dur:2 cpbdur:2 q:19.68 aq:15.23 tex:667 mv:159 misc:854 imb:0 pmb:122 smb:3638 d:s ref:0 ;
in:510 out:511 type:b dur:2 cpbdur:2 q:19.54 aq:15.42 tex:5473 mv:288 misc:847 imb:0 pmb:191 smb:3569 d:- ref:0 ;
in:513 out:512 type:P dur:2 cpbdur:2 q:19.15 aq:11.62 tex:308164 mv:2472 misc:1988 imb:212 pmb:659 smb:2889 d:s ref:0 ;
in:512 out:513 type:b dur:2 cpbdur:2 q:19.31 aq:15.16 tex:6281 mv:427 misc:1084 imb:0 pmb:348 smb:3412 d:s ref:0 ;
in:514 out:514 type:P dur:2 cpbdur:2 q:19.40 aq:12.18 tex:103841 mv:633 misc:2070 imb:25 pmb:742 smb:2993 d:s ref:0 ;
in:515 out:515 type:P dur:2 cpbdur:2 q:19.81 aq:12.91 tex:67053 mv:371 misc:1816 imb:18 pmb:519 smb:3223 d:s ref:0 ;
in:516 out:516 type:P dur:2 cpbdur:2 q:19.84 aq:12.91 tex:66611 mv:454 misc:1671 imb:23 pmb:460 smb:3277 d:s ref:0 ;
in:520 out:517 type:P dur:2 cpbdur:2 q:20.22 aq:13.50 tex:178163 mv:1568 misc:2205 imb:123 pmb:995 smb:2642 d:s ref:0 ;
in:518 out:518 type:B dur:2 cpbdur:2 q:20.03 aq:16.14 tex:29136 mv:941 misc:1395 imb:19 pmb:414 smb:3327 d:s ref:0 ;
in:517 out:519 type:b dur:2 cpbdur:2 q:19.94 aq:17.10 tex:9555 mv:426 misc:1043 imb:1 pmb:248 smb:3511 d:s ref:0 ;
in:519 out:520 type:b dur:2 cpbdur:2 q:20.13 aq:15.98 tex:11349 mv:361 misc:826 imb:4 pmb:225 smb:3531 d:- ref:0 ;
in:522 out:521 type:P dur:2 cpbdur:2 q:20.40 aq:14.64 tex:227683 mv:3441 misc:1588 imb:456 pmb:675 smb:2629 d:s ref:0 ;
in:521 out:522 type:b dur:2 cpbdur:2 q:20.31 aq:16.97 tex:40900 mv:1530 misc:1402 imb:70 pmb:540 smb:3150 d:s ref:0 ;
in:523 out:523 type:P dur:2 cpbdur:2 q:20.48 aq:15.07 tex:177359 mv:2782 misc:1811 imb:387 pmb:885 smb:2488 d:s ref:0 ;
in:524 out:524 type:P dur:2 cpbdur:2 q:20.52 aq:14.31 tex:253100 mv:4352 misc:1660 imb:617 pmb:802 smb:2341 d:s ref:0 ;
in:525 out:525 type:P dur:2 cpbdur:2 q:20.56 aq:16.25 tex:296359 mv:5341 misc:1876 imb:764 pmb:1049 smb:1947 d:s ref:0 ;
in:527 out:526 type:P dur:2 cpbdur:2 q:20.61 aq:13.16 tex:612405 mv:6554 misc:1705 imb:940 pmb:889 smb:1931 d:s ref:0 ;
in:526 out:527 type:b dur:2 cpbdur:2 q:20.59 aq:18.57 tex:55588 mv:1569 misc:1363 imb:35 pmb:1077 smb:2648 d:s ref:0 ;
in:528 out:528 type:P dur:2 cpbdur:2 q:20.74 aq:12.03 tex:137318 mv:369 misc:1745 imb:1 pmb:1318 smb:2441 d:s ref:0 ;
in:532 out:529 type:P dur:2 cpbdur:2 q:20.72 aq:13.08 tex:553048 mv:6386 misc:1758 imb:770 pmb:1041 smb:1949 d:s ref:0 ;
in:530 out:530 type:B dur:2 cpbdur:2 q:20.73 aq:15.81 tex:10732 mv:716 misc:1648 imb:0 pmb:525 smb:3235 d:s ref:0 ;
in:529 out:531 type:b dur:2 cpbdur:2 q:20.73 aq:16.21 tex:745 mv:244 misc:907 imb:0 pmb:157 smb:3603 d:s ref:0 ;
in:531 out:532 type:b dur:2 cpbdur:2 q:20.73 aq:18.36 tex:41027 mv:477 misc:1328 imb:0 pmb:845 smb:2915 d:- ref:0 ;
in:534 out:533 type:P dur:2 cpbdur:2 q:20.62 aq:11.55 tex:644695 mv:5689 misc:1920 imb:680 pmb:1215 smb:1865 d:s ref:0 ;
in:533 out:534 type:b dur:2 cpbdur:2 q:20.67 aq:17.71 tex:51478 mv:1586 misc:1232 imb:21 pmb:863 smb:2876 d:s ref:0 ;
in:535 out:535 type:P dur:2 cpbdur:2 q:20.66 aq:10.72 tex:587544 mv:2498 misc:1798 imb:213 pmb:1692 smb:1855 d:s ref:0 ;
in:537 out:536 type:P dur:2 cpbdur:2 q:20.79 aq:10.43 tex:356668 mv:1048 misc:1860 imb:8 pmb:1518 smb:2234 d:s ref:0 ;
in:536 out:537 type:b dur:2 cpbdur:2 q:20.72 aq:16.08 tex:4025 mv:317 misc:1082 imb:0 pmb:262 smb:3498 d:s ref:0 ;
in:541 out:538 type:P dur:2 cpbdur:2 q:20.86 aq:11.37 tex:59952 mv:208 misc:1992 imb:0 pmb:865 smb:2895 d:s ref:0 ;
in:539 out:539 type:B dur:2 cpbdur:2 q:20.82 aq:16.18 tex:352 mv:130 misc:574 imb:0 pmb:52 smb:3708 d:s ref:0 ;
in:538 out:540 type:b dur:2 cpbdur:2 q:20.80 aq:14.56 tex:309 mv:87 misc:508 imb:0 pmb:47 smb:3713 d:s ref:0 ;
in:540 out:541 type:b dur:2 cpbdur:2 q:20.84 aq:14.56 tex:288 mv:55 misc:489 imb:0 pmb:44 smb:3716 d:- ref:0 ;
in:545 out:542 type:P dur:2 cpbdur:2 q:21.13 aq:11.70 tex:4784 mv:118 misc:1522 imb:0 pmb:314 smb:3446 d:s ref:0 ;
in:543 out:543 type:B dur:2 cpbdur:2 q:20.99 aq:16.08 tex:232 mv:21 misc:395 imb:0 pmb:20 smb:3740 d:s ref:0 ;
in:542 out:544 type:b dur:2 cpbdur:2 q:20.93 aq:14.63 tex:288 mv:28 misc:500 imb:0 pmb:49 smb:3711 d:s ref:0 ;
in:544 out:545 type:b dur:2 cpbdur:2 q:21.06 aq:14.63 tex:288 mv:25 misc:511 imb:0 pmb:50 smb:3710 d:- ref:0 ;
in:549 out:546 type:P dur:2 cpbdur:2 q:21.20 aq:12.09 tex:35213 mv:288 misc:2739 imb:0 pmb:1083 smb:2677 d:s ref:0 ;
in:547 out:547 type:B dur:2 cpbdur:2 q:21.17 aq:16.08 tex:442 mv:117 misc:569 imb:0 pmb:52 smb:3708 d:s ref:0 ;
in:546 out:548 type:b dur:2 cpbdur:2 q:21.15 aq:14.52 tex:306 mv:58 misc:548 imb:0 pmb:58 smb:3702 d:s ref:0 ;
in:548 out:549 type:b dur:2 cpbdur:2 q:21.19 aq:15.43 tex:493 mv:147 misc:656 imb:0 pmb:86 smb:3674 d:- ref:0 ;
in:553 out:550 type:P dur:2 cpbdur:2 q:21.60 aq:12.90 tex:4962 mv:129 misc:1741 imb:0 pmb:369 smb:3391 d:s ref:0 ;
in:551 out:551 type:B dur:2 cpbdur:2 q:21.40 aq:16.40 tex:510 mv:74 misc:640 imb:0 pmb:63 smb:3697 d:s ref:0 ;
in:550 out:552 type:b dur:2 cpbdur:2 q:21.30 aq:14.52 tex:309 mv:52 misc:567 imb:0 pmb:61 smb:3699 d:s ref:0 ;
in:552 out:553 type:b dur:2 cpbdur:2 q:21.50 aq:16.37 tex:285 mv:30 misc:509 imb:0 pmb:46 smb:3714 d:- ref:0 ;
in:557 out:554 type:P dur:2 cpbdur:2 q:21.53 aq:13.70 tex:1328 mv:104 misc:920 imb:0 pmb:154 smb:3606 d:s ref:0 ;
in:555 out:555 type:B dur:2 cpbdur:2 q:21.56 aq:15.54 tex:499 mv:34 misc:635 imb:0 pmb:66 smb:3694 d:s ref:0 ;
in:554 out:556 type:b dur:2 cpbdur:2 q:21.58 aq:15.55 tex:207 mv:26 misc:431 imb:0 pmb:30 smb:3730 d:s ref:0 ;
in:556 out:557 type:b dur:2 cpbdur:2 q:21.55 aq:15.96 tex:206 mv:26 misc:440 imb:0 pmb:31 smb:3729 d:- ref:0 ;
in:561 out:558 type:P dur:2 cpbdur:2 q:21.30 aq:15.24 tex:329 mv:80 misc:551 imb:0 pmb:46 smb:3714 d:s ref:0 ;
in:559 out:559 type:B dur:2 cpbdur:2 q:21.41 aq:15.09 tex:211 mv:22 misc:407 imb:0 pmb:24 smb:3736 d:s ref:0 ;
in:558 out:560 type:b dur:2 cpbdur:2 q:21.47 aq:15.74 tex:202 mv:22 misc:432 imb:0 pmb:30 smb:3730 d:s ref:0 ;
in:560 out:561 type:b dur:2 cpbdur:2 q:21.35 aq:14.52 tex:266 mv:32 misc:502 imb:0 pmb:47 smb:3713 d:- ref:0 ;
in:562 out:562 type:P dur:2 cpbdur:2 q:21.04 aq:14.51 tex:224 mv:75 misc:509 imb:0 pmb:37 smb:3723 d:s ref:0 ;
